[0.130s] Invoking command in '/home/aiguy/emergency-handling-plansys2/build/emergency-handling-plansys2': CMAKE_PREFIX_PATH=/opt/ros/humble /usr/bin/cmake --build /home/aiguy/emergency-handling-plansys2/build/emergency-handling-plansys2 -- -j8 -l8
[2.072s] [ 16%] Built target fill_node
[2.073s] [ 33%] Built target load_box_node
[2.074s] [ 50%] Built target empty_box_node
[2.074s] [ 66%] Built target move_node
[2.075s] [ 83%] Built target move_to_need_node
[2.083s] [100%] Built target unload_box_node
[2.102s] Invoked command in '/home/aiguy/emergency-handling-plansys2/build/emergency-handling-plansys2' returned '0': CMAKE_PREFIX_PATH=/opt/ros/humble /usr/bin/cmake --build /home/aiguy/emergency-handling-plansys2/build/emergency-handling-plansys2 -- -j8 -l8
[2.222s] Invoking command in '/home/aiguy/emergency-handling-plansys2/build/emergency-handling-plansys2': CMAKE_PREFIX_PATH=/opt/ros/humble /usr/bin/cmake --install /home/aiguy/emergency-handling-plansys2/build/emergency-handling-plansys2
[2.285s] -- Install configuration: ""
[2.320s] -- Execute custom install script
[2.336s] -- Up-to-date symlink: /home/aiguy/emergency-handling-plansys2/install/emergency-handling-plansys2/share/emergency-handling-plansys2/launch/commands
[2.337s] -- Up-to-date symlink: /home/aiguy/emergency-handling-plansys2/install/emergency-handling-plansys2/share/emergency-handling-plansys2/launch/emergency-handling-plansys2_launch.py
[2.338s] -- Up-to-date symlink: /home/aiguy/emergency-handling-plansys2/install/emergency-handling-plansys2/share/emergency-handling-plansys2/pddl/domain.pddl
[2.342s] -- Up-to-date symlink: /home/aiguy/emergency-handling-plansys2/install/emergency-handling-plansys2/lib/emergency-handling-plansys2/empty_box_node
[2.344s] -- Up-to-date symlink: /home/aiguy/emergency-handling-plansys2/install/emergency-handling-plansys2/lib/emergency-handling-plansys2/fill_node
[2.356s] -- Up-to-date symlink: /home/aiguy/emergency-handling-plansys2/install/emergency-handling-plansys2/lib/emergency-handling-plansys2/load_box_node
[2.358s] -- Up-to-date symlink: /home/aiguy/emergency-handling-plansys2/install/emergency-handling-plansys2/lib/emergency-handling-plansys2/move_node
[2.360s] -- Up-to-date symlink: /home/aiguy/emergency-handling-plansys2/install/emergency-handling-plansys2/lib/emergency-handling-plansys2/move_to_need_node
[2.361s] -- Up-to-date symlink: /home/aiguy/emergency-handling-plansys2/install/emergency-handling-plansys2/lib/emergency-handling-plansys2/unload_box_node
[2.370s] -- Up-to-date symlink: /home/aiguy/emergency-handling-plansys2/install/emergency-handling-plansys2/share/ament_index/resource_index/package_run_dependencies/emergency-handling-plansys2
[2.375s] -- Up-to-date symlink: /home/aiguy/emergency-handling-plansys2/install/emergency-handling-plansys2/share/ament_index/resource_index/parent_prefix_path/emergency-handling-plansys2
[2.386s] -- Up-to-date symlink: /home/aiguy/emergency-handling-plansys2/install/emergency-handling-plansys2/share/emergency-handling-plansys2/environment/ament_prefix_path.sh
[2.387s] -- Up-to-date symlink: /home/aiguy/emergency-handling-plansys2/install/emergency-handling-plansys2/share/emergency-handling-plansys2/environment/ament_prefix_path.dsv
[2.388s] -- Up-to-date symlink: /home/aiguy/emergency-handling-plansys2/install/emergency-handling-plansys2/share/emergency-handling-plansys2/environment/path.sh
[2.389s] -- Up-to-date symlink: /home/aiguy/emergency-handling-plansys2/install/emergency-handling-plansys2/share/emergency-handling-plansys2/environment/path.dsv
[2.390s] -- Up-to-date symlink: /home/aiguy/emergency-handling-plansys2/install/emergency-handling-plansys2/share/emergency-handling-plansys2/local_setup.bash
[2.392s] -- Up-to-date symlink: /home/aiguy/emergency-handling-plansys2/install/emergency-handling-plansys2/share/emergency-handling-plansys2/local_setup.sh
[2.394s] -- Up-to-date symlink: /home/aiguy/emergency-handling-plansys2/install/emergency-handling-plansys2/share/emergency-handling-plansys2/local_setup.zsh
[2.396s] -- Up-to-date symlink: /home/aiguy/emergency-handling-plansys2/install/emergency-handling-plansys2/share/emergency-handling-plansys2/local_setup.dsv
[2.396s] -- Symlinking: /home/aiguy/emergency-handling-plansys2/install/emergency-handling-plansys2/share/emergency-handling-plansys2/package.dsv
[2.416s] -- Up-to-date symlink: /home/aiguy/emergency-handling-plansys2/install/emergency-handling-plansys2/share/ament_index/resource_index/packages/emergency-handling-plansys2
[2.419s] -- Up-to-date symlink: /home/aiguy/emergency-handling-plansys2/install/emergency-handling-plansys2/share/emergency-handling-plansys2/cmake/ament_cmake_export_dependencies-extras.cmake
[2.421s] -- Up-to-date symlink: /home/aiguy/emergency-handling-plansys2/install/emergency-handling-plansys2/share/emergency-handling-plansys2/cmake/emergency-handling-plansys2Config.cmake
[2.422s] -- Up-to-date symlink: /home/aiguy/emergency-handling-plansys2/install/emergency-handling-plansys2/share/emergency-handling-plansys2/cmake/emergency-handling-plansys2Config-version.cmake
[2.422s] -- Up-to-date symlink: /home/aiguy/emergency-handling-plansys2/install/emergency-handling-plansys2/share/emergency-handling-plansys2/package.xml
[2.426s] Invoked command in '/home/aiguy/emergency-handling-plansys2/build/emergency-handling-plansys2' returned '0': CMAKE_PREFIX_PATH=/opt/ros/humble /usr/bin/cmake --install /home/aiguy/emergency-handling-plansys2/build/emergency-handling-plansys2
