[0.265s] DEBUG:colcon:Command line arguments: ['/usr/bin/colcon', 'build', '--symlink-install']
[0.265s] DEBUG:colcon:Parsed command line arguments: Namespace(log_base=None, log_level=None, verb_name='build', build_base='build', install_base='install', merge_install=False, symlink_install=True, test_result_base=None, continue_on_error=False, executor='parallel', parallel_workers=8, event_handlers=None, ignore_user_meta=False, metas=['./colcon.meta'], base_paths=['.'], packages_ignore=None, packages_ignore_regex=None, paths=None, packages_up_to=None, packages_up_to_regex=None, packages_above=None, packages_above_and_dependencies=None, packages_above_depth=None, packages_select_by_dep=None, packages_skip_by_dep=None, packages_skip_up_to=None, packages_select_build_failed=False, packages_skip_build_finished=False, packages_select_test_failures=False, packages_skip_test_passed=False, packages_select=None, packages_skip=None, packages_select_regex=None, packages_skip_regex=None, packages_start=None, packages_end=None, allow_overriding=[], cmake_args=None, cmake_target=None, cmake_target_skip_unavailable=False, cmake_clean_cache=False, cmake_clean_first=False, cmake_force_configure=False, ament_cmake_args=None, catkin_cmake_args=None, catkin_skip_building_tests=False, verb_parser=<colcon_defaults.argument_parser.defaults.DefaultArgumentsDecorator object at 0x7fb792fd8100>, verb_extension=<colcon_core.verb.build.BuildVerb object at 0x7fb7936da7a0>, main=<bound method BuildVerb.main of <colcon_core.verb.build.BuildVerb object at 0x7fb7936da7a0>>)
[0.287s] Level 1:colcon.colcon_core.package_discovery:discover_packages(colcon_meta) check parameters
[0.287s] Level 1:colcon.colcon_core.package_discovery:discover_packages(recursive) check parameters
[0.288s] Level 1:colcon.colcon_core.package_discovery:discover_packages(ignore) check parameters
[0.288s] Level 1:colcon.colcon_core.package_discovery:discover_packages(path) check parameters
[0.288s] Level 1:colcon.colcon_core.package_discovery:discover_packages(colcon_meta) discover
[0.288s] Level 1:colcon.colcon_core.package_discovery:discover_packages(recursive) discover
[0.288s] INFO:colcon.colcon_core.package_discovery:Crawling recursively for packages in '/home/aiguy/emergency-handling-plansys2'
[0.289s] Level 1:colcon.colcon_core.package_identification:_identify(.) by extensions ['ignore', 'ignore_ament_install']
[0.289s] Level 1:colcon.colcon_core.package_identification:_identify(.) by extension 'ignore'
[0.289s] Level 1:colcon.colcon_core.package_identification:_identify(.) by extension 'ignore_ament_install'
[0.289s] Level 1:colcon.colcon_core.package_identification:_identify(.) by extensions ['colcon_pkg']
[0.289s] Level 1:colcon.colcon_core.package_identification:_identify(.) by extension 'colcon_pkg'
[0.289s] Level 1:colcon.colcon_core.package_identification:_identify(.) by extensions ['colcon_meta']
[0.289s] Level 1:colcon.colcon_core.package_identification:_identify(.) by extension 'colcon_meta'
[0.289s] Level 1:colcon.colcon_core.package_identification:_identify(.) by extensions ['ros']
[0.289s] Level 1:colcon.colcon_core.package_identification:_identify(.) by extension 'ros'
[0.303s] DEBUG:colcon.colcon_core.package_identification:Package '.' with type 'ros.ament_cmake' and name 'emergency-handling-plansys2'
[0.303s] Level 1:colcon.colcon_core.package_discovery:discover_packages(recursive) using defaults
[0.303s] Level 1:colcon.colcon_core.package_discovery:discover_packages(ignore) discover
[0.304s] Level 1:colcon.colcon_core.package_discovery:discover_packages(ignore) using defaults
[0.304s] Level 1:colcon.colcon_core.package_discovery:discover_packages(path) discover
[0.304s] Level 1:colcon.colcon_core.package_discovery:discover_packages(path) using defaults
[0.330s] Level 1:colcon.colcon_core.package_discovery:discover_packages(prefix_path) check parameters
[0.331s] Level 1:colcon.colcon_core.package_discovery:discover_packages(prefix_path) discover
[0.333s] DEBUG:colcon.colcon_installed_package_information.package_discovery:Found 1 installed packages in /home/aiguy/emergency-handling-plansys2/install
[0.335s] DEBUG:colcon.colcon_installed_package_information.package_discovery:Found 396 installed packages in /opt/ros/humble
[0.338s] Level 1:colcon.colcon_core.package_discovery:discover_packages(prefix_path) using defaults
[0.418s] Level 5:colcon.colcon_core.verb:set package 'emergency-handling-plansys2' build argument 'cmake_args' from command line to 'None'
[0.421s] Level 5:colcon.colcon_core.verb:set package 'emergency-handling-plansys2' build argument 'cmake_target' from command line to 'None'
[0.421s] Level 5:colcon.colcon_core.verb:set package 'emergency-handling-plansys2' build argument 'cmake_target_skip_unavailable' from command line to 'False'
[0.422s] Level 5:colcon.colcon_core.verb:set package 'emergency-handling-plansys2' build argument 'cmake_clean_cache' from command line to 'False'
[0.422s] Level 5:colcon.colcon_core.verb:set package 'emergency-handling-plansys2' build argument 'cmake_clean_first' from command line to 'False'
[0.422s] Level 5:colcon.colcon_core.verb:set package 'emergency-handling-plansys2' build argument 'cmake_force_configure' from command line to 'False'
[0.422s] Level 5:colcon.colcon_core.verb:set package 'emergency-handling-plansys2' build argument 'ament_cmake_args' from command line to 'None'
[0.422s] Level 5:colcon.colcon_core.verb:set package 'emergency-handling-plansys2' build argument 'catkin_cmake_args' from command line to 'None'
[0.423s] Level 5:colcon.colcon_core.verb:set package 'emergency-handling-plansys2' build argument 'catkin_skip_building_tests' from command line to 'False'
[0.423s] DEBUG:colcon.colcon_core.verb:Building package 'emergency-handling-plansys2' with the following arguments: {'ament_cmake_args': None, 'build_base': '/home/aiguy/emergency-handling-plansys2/build/emergency-handling-plansys2', 'catkin_cmake_args': None, 'catkin_skip_building_tests': False, 'cmake_args': None, 'cmake_clean_cache': False, 'cmake_clean_first': False, 'cmake_force_configure': False, 'cmake_target': None, 'cmake_target_skip_unavailable': False, 'install_base': '/home/aiguy/emergency-handling-plansys2/install/emergency-handling-plansys2', 'merge_install': False, 'path': '/home/aiguy/emergency-handling-plansys2', 'symlink_install': True, 'test_result_base': None}
[0.423s] INFO:colcon.colcon_core.executor:Executing jobs using 'parallel' executor
[0.427s] DEBUG:colcon.colcon_parallel_executor.executor.parallel:run_until_complete
[0.427s] INFO:colcon.colcon_ros.task.ament_cmake.build:Building ROS package in '/home/aiguy/emergency-handling-plansys2' with build type 'ament_cmake'
[0.428s] INFO:colcon.colcon_cmake.task.cmake.build:Building CMake package in '/home/aiguy/emergency-handling-plansys2'
[0.432s] INFO:colcon.colcon_core.plugin_system:Skipping extension 'colcon_core.shell.bat': Not used on non-Windows systems
[0.433s] INFO:colcon.colcon_core.shell:Skip shell extension 'powershell' for command environment: Not usable outside of PowerShell
[0.433s] DEBUG:colcon.colcon_core.shell:Skip shell extension 'dsv' for command environment
[0.455s] DEBUG:colcon.colcon_core.event_handler.log_command:Invoking command in '/home/aiguy/emergency-handling-plansys2/build/emergency-handling-plansys2': CMAKE_PREFIX_PATH=${CMAKE_PREFIX_PATH}:/opt/ros/humble /usr/bin/cmake --build /home/aiguy/emergency-handling-plansys2/build/emergency-handling-plansys2 -- -j8 -l8
[0.600s] DEBUG:colcon.colcon_core.event_handler.log_command:Invoked command in '/home/aiguy/emergency-handling-plansys2/build/emergency-handling-plansys2' returned '0': CMAKE_PREFIX_PATH=${CMAKE_PREFIX_PATH}:/opt/ros/humble /usr/bin/cmake --build /home/aiguy/emergency-handling-plansys2/build/emergency-handling-plansys2 -- -j8 -l8
[0.720s] DEBUG:colcon.colcon_core.event_handler.log_command:Invoking command in '/home/aiguy/emergency-handling-plansys2/build/emergency-handling-plansys2': CMAKE_PREFIX_PATH=${CMAKE_PREFIX_PATH}:/opt/ros/humble /usr/bin/cmake --install /home/aiguy/emergency-handling-plansys2/build/emergency-handling-plansys2
[0.755s] Level 1:colcon.colcon_core.environment:create_environment_scripts_only(emergency-handling-plansys2)
[0.757s] DEBUG:colcon.colcon_core.event_handler.log_command:Invoked command in '/home/aiguy/emergency-handling-plansys2/build/emergency-handling-plansys2' returned '0': CMAKE_PREFIX_PATH=${CMAKE_PREFIX_PATH}:/opt/ros/humble /usr/bin/cmake --install /home/aiguy/emergency-handling-plansys2/build/emergency-handling-plansys2
[0.761s] Level 1:colcon.colcon_core.environment:checking '/home/aiguy/emergency-handling-plansys2/install/emergency-handling-plansys2' for CMake module files
[0.761s] Level 1:colcon.colcon_core.environment:checking '/home/aiguy/emergency-handling-plansys2/install/emergency-handling-plansys2' for CMake config files
[0.762s] Level 1:colcon.colcon_core.shell:create_environment_hook('emergency-handling-plansys2', 'cmake_prefix_path')
[0.763s] INFO:colcon.colcon_core.shell:Creating environment hook '/home/aiguy/emergency-handling-plansys2/install/emergency-handling-plansys2/share/emergency-handling-plansys2/hook/cmake_prefix_path.ps1'
[0.764s] INFO:colcon.colcon_core.shell:Creating environment descriptor '/home/aiguy/emergency-handling-plansys2/install/emergency-handling-plansys2/share/emergency-handling-plansys2/hook/cmake_prefix_path.dsv'
[0.764s] INFO:colcon.colcon_core.shell:Creating environment hook '/home/aiguy/emergency-handling-plansys2/install/emergency-handling-plansys2/share/emergency-handling-plansys2/hook/cmake_prefix_path.sh'
[0.766s] Level 1:colcon.colcon_core.environment:checking '/home/aiguy/emergency-handling-plansys2/install/emergency-handling-plansys2/lib'
[0.766s] Level 1:colcon.colcon_core.environment:checking '/home/aiguy/emergency-handling-plansys2/install/emergency-handling-plansys2/bin'
[0.766s] Level 1:colcon.colcon_core.environment:checking '/home/aiguy/emergency-handling-plansys2/install/emergency-handling-plansys2/lib/pkgconfig/emergency-handling-plansys2.pc'
[0.766s] Level 1:colcon.colcon_core.environment:checking '/home/aiguy/emergency-handling-plansys2/install/emergency-handling-plansys2/lib/python3.10/site-packages'
[0.767s] Level 1:colcon.colcon_core.environment:checking '/home/aiguy/emergency-handling-plansys2/install/emergency-handling-plansys2/bin'
[0.768s] INFO:colcon.colcon_core.shell:Creating package script '/home/aiguy/emergency-handling-plansys2/install/emergency-handling-plansys2/share/emergency-handling-plansys2/package.ps1'
[0.769s] INFO:colcon.colcon_core.shell:Creating package descriptor '/home/aiguy/emergency-handling-plansys2/install/emergency-handling-plansys2/share/emergency-handling-plansys2/package.dsv'
[0.769s] INFO:colcon.colcon_core.shell:Creating package script '/home/aiguy/emergency-handling-plansys2/install/emergency-handling-plansys2/share/emergency-handling-plansys2/package.sh'
[0.770s] INFO:colcon.colcon_core.shell:Creating package script '/home/aiguy/emergency-handling-plansys2/install/emergency-handling-plansys2/share/emergency-handling-plansys2/package.bash'
[0.772s] INFO:colcon.colcon_core.shell:Creating package script '/home/aiguy/emergency-handling-plansys2/install/emergency-handling-plansys2/share/emergency-handling-plansys2/package.zsh'
[0.773s] Level 1:colcon.colcon_core.environment:create_file_with_runtime_dependencies(/home/aiguy/emergency-handling-plansys2/install/emergency-handling-plansys2/share/colcon-core/packages/emergency-handling-plansys2)
[0.881s] Level 1:colcon.colcon_core.environment:create_environment_scripts_only(emergency-handling-plansys2)
[0.884s] Level 1:colcon.colcon_core.environment:checking '/home/aiguy/emergency-handling-plansys2/install/emergency-handling-plansys2' for CMake module files
[0.884s] Level 1:colcon.colcon_core.environment:checking '/home/aiguy/emergency-handling-plansys2/install/emergency-handling-plansys2' for CMake config files
[0.885s] Level 1:colcon.colcon_core.shell:create_environment_hook('emergency-handling-plansys2', 'cmake_prefix_path')
[0.886s] INFO:colcon.colcon_core.shell:Creating environment hook '/home/aiguy/emergency-handling-plansys2/install/emergency-handling-plansys2/share/emergency-handling-plansys2/hook/cmake_prefix_path.ps1'
[0.887s] INFO:colcon.colcon_core.shell:Creating environment descriptor '/home/aiguy/emergency-handling-plansys2/install/emergency-handling-plansys2/share/emergency-handling-plansys2/hook/cmake_prefix_path.dsv'
[0.887s] INFO:colcon.colcon_core.shell:Creating environment hook '/home/aiguy/emergency-handling-plansys2/install/emergency-handling-plansys2/share/emergency-handling-plansys2/hook/cmake_prefix_path.sh'
[0.888s] Level 1:colcon.colcon_core.environment:checking '/home/aiguy/emergency-handling-plansys2/install/emergency-handling-plansys2/lib'
[0.888s] Level 1:colcon.colcon_core.environment:checking '/home/aiguy/emergency-handling-plansys2/install/emergency-handling-plansys2/bin'
[0.888s] Level 1:colcon.colcon_core.environment:checking '/home/aiguy/emergency-handling-plansys2/install/emergency-handling-plansys2/lib/pkgconfig/emergency-handling-plansys2.pc'
[0.888s] Level 1:colcon.colcon_core.environment:checking '/home/aiguy/emergency-handling-plansys2/install/emergency-handling-plansys2/lib/python3.10/site-packages'
[0.889s] Level 1:colcon.colcon_core.environment:checking '/home/aiguy/emergency-handling-plansys2/install/emergency-handling-plansys2/bin'
[0.890s] INFO:colcon.colcon_core.shell:Creating package script '/home/aiguy/emergency-handling-plansys2/install/emergency-handling-plansys2/share/emergency-handling-plansys2/package.ps1'
[0.891s] INFO:colcon.colcon_core.shell:Creating package descriptor '/home/aiguy/emergency-handling-plansys2/install/emergency-handling-plansys2/share/emergency-handling-plansys2/package.dsv'
[0.891s] INFO:colcon.colcon_core.shell:Creating package script '/home/aiguy/emergency-handling-plansys2/install/emergency-handling-plansys2/share/emergency-handling-plansys2/package.sh'
[0.892s] INFO:colcon.colcon_core.shell:Creating package script '/home/aiguy/emergency-handling-plansys2/install/emergency-handling-plansys2/share/emergency-handling-plansys2/package.bash'
[0.892s] INFO:colcon.colcon_core.shell:Creating package script '/home/aiguy/emergency-handling-plansys2/install/emergency-handling-plansys2/share/emergency-handling-plansys2/package.zsh'
[0.893s] Level 1:colcon.colcon_core.environment:create_file_with_runtime_dependencies(/home/aiguy/emergency-handling-plansys2/install/emergency-handling-plansys2/share/colcon-core/packages/emergency-handling-plansys2)
[0.900s] DEBUG:colcon.colcon_parallel_executor.executor.parallel:closing loop
[0.906s] DEBUG:colcon.colcon_parallel_executor.executor.parallel:loop closed
[0.910s] DEBUG:colcon.colcon_parallel_executor.executor.parallel:run_until_complete finished with '0'
[0.912s] DEBUG:colcon.colcon_core.event_reactor:joining thread
[0.920s] INFO:colcon.colcon_core.plugin_system:Skipping extension 'colcon_notification.desktop_notification.terminal_notifier': Not used on non-Darwin systems
[0.921s] INFO:colcon.colcon_core.plugin_system:Skipping extension 'colcon_notification.desktop_notification.win32': Not used on non-Windows systems
[0.921s] INFO:colcon.colcon_notification.desktop_notification:Sending desktop notification using 'notify2'
[0.947s] DEBUG:colcon.colcon_core.event_reactor:joined thread
[0.948s] INFO:colcon.colcon_core.shell:Creating prefix script '/home/aiguy/emergency-handling-plansys2/install/local_setup.ps1'
[0.950s] INFO:colcon.colcon_core.shell:Creating prefix util module '/home/aiguy/emergency-handling-plansys2/install/_local_setup_util_ps1.py'
[0.953s] INFO:colcon.colcon_core.shell:Creating prefix chain script '/home/aiguy/emergency-handling-plansys2/install/setup.ps1'
[0.957s] INFO:colcon.colcon_core.shell:Creating prefix script '/home/aiguy/emergency-handling-plansys2/install/local_setup.sh'
[0.958s] INFO:colcon.colcon_core.shell:Creating prefix util module '/home/aiguy/emergency-handling-plansys2/install/_local_setup_util_sh.py'
[0.959s] INFO:colcon.colcon_core.shell:Creating prefix chain script '/home/aiguy/emergency-handling-plansys2/install/setup.sh'
[0.960s] INFO:colcon.colcon_core.shell:Creating prefix script '/home/aiguy/emergency-handling-plansys2/install/local_setup.bash'
[0.961s] INFO:colcon.colcon_core.shell:Creating prefix chain script '/home/aiguy/emergency-handling-plansys2/install/setup.bash'
[0.964s] INFO:colcon.colcon_core.shell:Creating prefix script '/home/aiguy/emergency-handling-plansys2/install/local_setup.zsh'
[0.966s] INFO:colcon.colcon_core.shell:Creating prefix chain script '/home/aiguy/emergency-handling-plansys2/install/setup.zsh'
