[35m[1mConsolidate compiler generated dependencies of target fill_node[0m
[35m[1mConsolidate compiler generated dependencies of target empty_box_node[0m
[35m[1mConsolidate compiler generated dependencies of target move_node[0m
[35m[1mConsolidate compiler generated dependencies of target move_to_need_node[0m
[35m[1mConsolidate compiler generated dependencies of target load_box_node[0m
[35m[1mConsolidate compiler generated dependencies of target unload_box_node[0m
[  8%] [32mBuilding CXX object CMakeFiles/empty_box_node.dir/src/empty_box.cpp.o[0m
[ 25%] Built target move_node
[ 41%] Built target load_box_node
[ 58%] Built target move_to_need_node
[ 75%] Built target fill_node
[ 91%] Built target unload_box_node
[01m[K/home/aiguy/emergency-handling-plansys2/src/empty_box.cpp:28:3:[m[K [01;31m[Kerror: [m[K‘[01m[KEmptyBox[m[K’ does not name a type
   28 |   [01;31m[KEmptyBox[m[K EmptyBox()
      |   [01;31m[K^~~~~~~~[m[K
In file included from [01m[K/usr/include/x86_64-linux-gnu/c++/11/bits/c++allocator.h:33[m[K,
                 from [01m[K/usr/include/c++/11/bits/allocator.h:46[m[K,
                 from [01m[K/usr/include/c++/11/memory:64[m[K,
                 from [01m[K/home/aiguy/emergency-handling-plansys2/src/empty_box.cpp:15[m[K:
/usr/include/c++/11/ext/new_allocator.h: In instantiation of ‘[01m[Kvoid __gnu_cxx::new_allocator<_Tp>::construct(_Up*, _Args&& ...) [with _Up = EmptyBoxAction; _Args = {}; _Tp = EmptyBoxAction][m[K’:
[01m[K/usr/include/c++/11/bits/alloc_traits.h:516:17:[m[K   required from ‘[01m[Kstatic void std::allocator_traits<std::allocator<_Tp1> >::construct(std::allocator_traits<std::allocator<_Tp1> >::allocator_type&, _Up*, _Args&& ...) [with _Up = EmptyBoxAction; _Args = {}; _Tp = EmptyBoxAction; std::allocator_traits<std::allocator<_Tp1> >::allocator_type = std::allocator<EmptyBoxAction>][m[K’
[01m[K/usr/include/c++/11/bits/shared_ptr_base.h:519:39:[m[K   required from ‘[01m[Kstd::_Sp_counted_ptr_inplace<_Tp, _Alloc, _Lp>::_Sp_counted_ptr_inplace(_Alloc, _Args&& ...) [with _Args = {}; _Tp = EmptyBoxAction; _Alloc = std::allocator<EmptyBoxAction>; __gnu_cxx::_Lock_policy _Lp = __gnu_cxx::_S_atomic][m[K’
[01m[K/usr/include/c++/11/bits/shared_ptr_base.h:650:16:[m[K   required from ‘[01m[Kstd::__shared_count<_Lp>::__shared_count(_Tp*&, std::_Sp_alloc_shared_tag<_Alloc>, _Args&& ...) [with _Tp = EmptyBoxAction; _Alloc = std::allocator<EmptyBoxAction>; _Args = {}; __gnu_cxx::_Lock_policy _Lp = __gnu_cxx::_S_atomic][m[K’
[01m[K/usr/include/c++/11/bits/shared_ptr_base.h:1342:14:[m[K   required from ‘[01m[Kstd::__shared_ptr<_Tp, _Lp>::__shared_ptr(std::_Sp_alloc_shared_tag<_Tp>, _Args&& ...) [with _Alloc = std::allocator<EmptyBoxAction>; _Args = {}; _Tp = EmptyBoxAction; __gnu_cxx::_Lock_policy _Lp = __gnu_cxx::_S_atomic][m[K’
[01m[K/usr/include/c++/11/bits/shared_ptr.h:409:59:[m[K   required from ‘[01m[Kstd::shared_ptr<_Tp>::shared_ptr(std::_Sp_alloc_shared_tag<_Tp>, _Args&& ...) [with _Alloc = std::allocator<EmptyBoxAction>; _Args = {}; _Tp = EmptyBoxAction][m[K’
[01m[K/usr/include/c++/11/bits/shared_ptr.h:862:14:[m[K   required from ‘[01m[Kstd::shared_ptr<_Tp> std::allocate_shared(const _Alloc&, _Args&& ...) [with _Tp = EmptyBoxAction; _Alloc = std::allocator<EmptyBoxAction>; _Args = {}][m[K’
[01m[K/usr/include/c++/11/bits/shared_ptr.h:878:39:[m[K   required from ‘[01m[Kstd::shared_ptr<_Tp> std::make_shared(_Args&& ...) [with _Tp = EmptyBoxAction; _Args = {}][m[K’
[01m[K/home/aiguy/emergency-handling-plansys2/src/empty_box.cpp:58:47:[m[K   required from here
[01m[K/usr/include/c++/11/ext/new_allocator.h:162:11:[m[K [01;31m[Kerror: [m[Kuse of deleted function ‘[01m[KEmptyBoxAction::EmptyBoxAction()[m[K’
  162 |         { [01;31m[K::new((void *)__p) _Up(std::forward<_Args>(__args)...)[m[K; }
      |           [01;31m[K^~~~~~~~~~~~~~~~~~~~~~~~~~~~~~~~~~~~~~~~~~~~~~~~~~~~~~[m[K
[01m[K/home/aiguy/emergency-handling-plansys2/src/empty_box.cpp:25:7:[m[K [01;36m[Knote: [m[K‘[01m[KEmptyBoxAction::EmptyBoxAction()[m[K’ is implicitly deleted because the default definition would be ill-formed:
   25 | class [01;36m[KEmptyBoxAction[m[K : public plansys2::ActionExecutorClient
      |       [01;36m[K^~~~~~~~~~~~~~[m[K
[01m[K/home/aiguy/emergency-handling-plansys2/src/empty_box.cpp:25:7:[m[K [01;31m[Kerror: [m[Kno matching function for call to ‘[01m[Kplansys2::ActionExecutorClient::ActionExecutorClient()[m[K’
In file included from [01m[K/home/aiguy/emergency-handling-plansys2/src/empty_box.cpp:18[m[K:
[01m[K/opt/ros/humble/include/plansys2_executor/ActionExecutorClient.hpp:44:3:[m[K [01;36m[Knote: [m[Kcandidate: ‘[01m[Kplansys2::ActionExecutorClient::ActionExecutorClient(const string&, const nanoseconds&)[m[K’
   44 |   [01;36m[KActionExecutorClient[m[K(
      |   [01;36m[K^~~~~~~~~~~~~~~~~~~~[m[K
[01m[K/opt/ros/humble/include/plansys2_executor/ActionExecutorClient.hpp:44:3:[m[K [01;36m[Knote: [m[K  candidate expects 2 arguments, 0 provided
gmake[2]: *** [CMakeFiles/empty_box_node.dir/build.make:76: CMakeFiles/empty_box_node.dir/src/empty_box.cpp.o] Error 1
gmake[1]: *** [CMakeFiles/Makefile2:147: CMakeFiles/empty_box_node.dir/all] Error 2
gmake: *** [Makefile:146: all] Error 2
