[0.247s] DEBUG:colcon:Command line arguments: ['/usr/bin/colcon', 'build', '--symlink-install']
[0.247s] DEBUG:colcon:Parsed command line arguments: Namespace(log_base=None, log_level=None, verb_name='build', build_base='build', install_base='install', merge_install=False, symlink_install=True, test_result_base=None, continue_on_error=False, executor='parallel', parallel_workers=8, event_handlers=None, ignore_user_meta=False, metas=['./colcon.meta'], base_paths=['.'], packages_ignore=None, packages_ignore_regex=None, paths=None, packages_up_to=None, packages_up_to_regex=None, packages_above=None, packages_above_and_dependencies=None, packages_above_depth=None, packages_select_by_dep=None, packages_skip_by_dep=None, packages_skip_up_to=None, packages_select_build_failed=False, packages_skip_build_finished=False, packages_select_test_failures=False, packages_skip_test_passed=False, packages_select=None, packages_skip=None, packages_select_regex=None, packages_skip_regex=None, packages_start=None, packages_end=None, allow_overriding=[], cmake_args=None, cmake_target=None, cmake_target_skip_unavailable=False, cmake_clean_cache=False, cmake_clean_first=False, cmake_force_configure=False, ament_cmake_args=None, catkin_cmake_args=None, catkin_skip_building_tests=False, verb_parser=<colcon_defaults.argument_parser.defaults.DefaultArgumentsDecorator object at 0x7f32743cf820>, verb_extension=<colcon_core.verb.build.BuildVerb object at 0x7f3274bd24d0>, main=<bound method BuildVerb.main of <colcon_core.verb.build.BuildVerb object at 0x7f3274bd24d0>>)
[0.270s] Level 1:colcon.colcon_core.package_discovery:discover_packages(colcon_meta) check parameters
[0.270s] Level 1:colcon.colcon_core.package_discovery:discover_packages(recursive) check parameters
[0.270s] Level 1:colcon.colcon_core.package_discovery:discover_packages(ignore) check parameters
[0.270s] Level 1:colcon.colcon_core.package_discovery:discover_packages(path) check parameters
[0.270s] Level 1:colcon.colcon_core.package_discovery:discover_packages(colcon_meta) discover
[0.270s] Level 1:colcon.colcon_core.package_discovery:discover_packages(recursive) discover
[0.270s] INFO:colcon.colcon_core.package_discovery:Crawling recursively for packages in '/home/aiguy/emergency-handling-plansys2'
[0.270s] Level 1:colcon.colcon_core.package_identification:_identify(.) by extensions ['ignore', 'ignore_ament_install']
[0.271s] Level 1:colcon.colcon_core.package_identification:_identify(.) by extension 'ignore'
[0.271s] Level 1:colcon.colcon_core.package_identification:_identify(.) by extension 'ignore_ament_install'
[0.271s] Level 1:colcon.colcon_core.package_identification:_identify(.) by extensions ['colcon_pkg']
[0.271s] Level 1:colcon.colcon_core.package_identification:_identify(.) by extension 'colcon_pkg'
[0.271s] Level 1:colcon.colcon_core.package_identification:_identify(.) by extensions ['colcon_meta']
[0.271s] Level 1:colcon.colcon_core.package_identification:_identify(.) by extension 'colcon_meta'
[0.271s] Level 1:colcon.colcon_core.package_identification:_identify(.) by extensions ['ros']
[0.271s] Level 1:colcon.colcon_core.package_identification:_identify(.) by extension 'ros'
[0.281s] DEBUG:colcon.colcon_core.package_identification:Package '.' with type 'ros.ament_cmake' and name 'emergency-handling-plansys2'
[0.281s] Level 1:colcon.colcon_core.package_discovery:discover_packages(recursive) using defaults
[0.281s] Level 1:colcon.colcon_core.package_discovery:discover_packages(ignore) discover
[0.281s] Level 1:colcon.colcon_core.package_discovery:discover_packages(ignore) using defaults
[0.281s] Level 1:colcon.colcon_core.package_discovery:discover_packages(path) discover
[0.281s] Level 1:colcon.colcon_core.package_discovery:discover_packages(path) using defaults
[0.298s] Level 1:colcon.colcon_core.package_discovery:discover_packages(prefix_path) check parameters
[0.298s] Level 1:colcon.colcon_core.package_discovery:discover_packages(prefix_path) discover
[0.301s] DEBUG:colcon.colcon_installed_package_information.package_discovery:Found 396 installed packages in /opt/ros/humble
[0.303s] Level 1:colcon.colcon_core.package_discovery:discover_packages(prefix_path) using defaults
[0.357s] Level 5:colcon.colcon_core.verb:set package 'emergency-handling-plansys2' build argument 'cmake_args' from command line to 'None'
[0.357s] Level 5:colcon.colcon_core.verb:set package 'emergency-handling-plansys2' build argument 'cmake_target' from command line to 'None'
[0.357s] Level 5:colcon.colcon_core.verb:set package 'emergency-handling-plansys2' build argument 'cmake_target_skip_unavailable' from command line to 'False'
[0.357s] Level 5:colcon.colcon_core.verb:set package 'emergency-handling-plansys2' build argument 'cmake_clean_cache' from command line to 'False'
[0.357s] Level 5:colcon.colcon_core.verb:set package 'emergency-handling-plansys2' build argument 'cmake_clean_first' from command line to 'False'
[0.357s] Level 5:colcon.colcon_core.verb:set package 'emergency-handling-plansys2' build argument 'cmake_force_configure' from command line to 'False'
[0.357s] Level 5:colcon.colcon_core.verb:set package 'emergency-handling-plansys2' build argument 'ament_cmake_args' from command line to 'None'
[0.357s] Level 5:colcon.colcon_core.verb:set package 'emergency-handling-plansys2' build argument 'catkin_cmake_args' from command line to 'None'
[0.357s] Level 5:colcon.colcon_core.verb:set package 'emergency-handling-plansys2' build argument 'catkin_skip_building_tests' from command line to 'False'
[0.357s] DEBUG:colcon.colcon_core.verb:Building package 'emergency-handling-plansys2' with the following arguments: {'ament_cmake_args': None, 'build_base': '/home/aiguy/emergency-handling-plansys2/build/emergency-handling-plansys2', 'catkin_cmake_args': None, 'catkin_skip_building_tests': False, 'cmake_args': None, 'cmake_clean_cache': False, 'cmake_clean_first': False, 'cmake_force_configure': False, 'cmake_target': None, 'cmake_target_skip_unavailable': False, 'install_base': '/home/aiguy/emergency-handling-plansys2/install/emergency-handling-plansys2', 'merge_install': False, 'path': '/home/aiguy/emergency-handling-plansys2', 'symlink_install': True, 'test_result_base': None}
[0.358s] INFO:colcon.colcon_core.executor:Executing jobs using 'parallel' executor
[0.363s] DEBUG:colcon.colcon_parallel_executor.executor.parallel:run_until_complete
[0.363s] INFO:colcon.colcon_ros.task.ament_cmake.build:Building ROS package in '/home/aiguy/emergency-handling-plansys2' with build type 'ament_cmake'
[0.363s] INFO:colcon.colcon_cmake.task.cmake.build:Building CMake package in '/home/aiguy/emergency-handling-plansys2'
[0.368s] INFO:colcon.colcon_core.plugin_system:Skipping extension 'colcon_core.shell.bat': Not used on non-Windows systems
[0.368s] INFO:colcon.colcon_core.shell:Skip shell extension 'powershell' for command environment: Not usable outside of PowerShell
[0.368s] DEBUG:colcon.colcon_core.shell:Skip shell extension 'dsv' for command environment
[0.395s] DEBUG:colcon.colcon_core.event_handler.log_command:Invoking command in '/home/aiguy/emergency-handling-plansys2/build/emergency-handling-plansys2': CMAKE_PREFIX_PATH=/opt/ros/humble /usr/bin/cmake --build /home/aiguy/emergency-handling-plansys2/build/emergency-handling-plansys2 -- -j8 -l8
[5.329s] DEBUG:colcon.colcon_core.event_handler.log_command:Invoked command in '/home/aiguy/emergency-handling-plansys2/build/emergency-handling-plansys2' returned '0': CMAKE_PREFIX_PATH=/opt/ros/humble /usr/bin/cmake --build /home/aiguy/emergency-handling-plansys2/build/emergency-handling-plansys2 -- -j8 -l8
[5.463s] DEBUG:colcon.colcon_core.event_handler.log_command:Invoking command in '/home/aiguy/emergency-handling-plansys2/build/emergency-handling-plansys2': CMAKE_PREFIX_PATH=/opt/ros/humble /usr/bin/cmake --install /home/aiguy/emergency-handling-plansys2/build/emergency-handling-plansys2
[5.734s] Level 1:colcon.colcon_core.environment:create_environment_scripts_only(emergency-handling-plansys2)
[5.737s] DEBUG:colcon.colcon_core.event_handler.log_command:Invoked command in '/home/aiguy/emergency-handling-plansys2/build/emergency-handling-plansys2' returned '0': CMAKE_PREFIX_PATH=/opt/ros/humble /usr/bin/cmake --install /home/aiguy/emergency-handling-plansys2/build/emergency-handling-plansys2
[5.739s] Level 1:colcon.colcon_core.environment:checking '/home/aiguy/emergency-handling-plansys2/install/emergency-handling-plansys2' for CMake module files
[5.739s] Level 1:colcon.colcon_core.environment:checking '/home/aiguy/emergency-handling-plansys2/install/emergency-handling-plansys2' for CMake config files
[5.740s] Level 1:colcon.colcon_core.shell:create_environment_hook('emergency-handling-plansys2', 'cmake_prefix_path')
[5.741s] INFO:colcon.colcon_core.shell:Creating environment hook '/home/aiguy/emergency-handling-plansys2/install/emergency-handling-plansys2/share/emergency-handling-plansys2/hook/cmake_prefix_path.ps1'
[5.763s] INFO:colcon.colcon_core.shell:Creating environment descriptor '/home/aiguy/emergency-handling-plansys2/install/emergency-handling-plansys2/share/emergency-handling-plansys2/hook/cmake_prefix_path.dsv'
[5.774s] INFO:colcon.colcon_core.shell:Creating environment hook '/home/aiguy/emergency-handling-plansys2/install/emergency-handling-plansys2/share/emergency-handling-plansys2/hook/cmake_prefix_path.sh'
[5.776s] Level 1:colcon.colcon_core.environment:checking '/home/aiguy/emergency-handling-plansys2/install/emergency-handling-plansys2/lib'
[5.776s] Level 1:colcon.colcon_core.environment:checking '/home/aiguy/emergency-handling-plansys2/install/emergency-handling-plansys2/bin'
[5.776s] Level 1:colcon.colcon_core.environment:checking '/home/aiguy/emergency-handling-plansys2/install/emergency-handling-plansys2/lib/pkgconfig/emergency-handling-plansys2.pc'
[5.776s] Level 1:colcon.colcon_core.environment:checking '/home/aiguy/emergency-handling-plansys2/install/emergency-handling-plansys2/lib/python3.10/site-packages'
[5.776s] Level 1:colcon.colcon_core.environment:checking '/home/aiguy/emergency-handling-plansys2/install/emergency-handling-plansys2/bin'
[5.778s] INFO:colcon.colcon_core.shell:Creating package script '/home/aiguy/emergency-handling-plansys2/install/emergency-handling-plansys2/share/emergency-handling-plansys2/package.ps1'
[5.779s] INFO:colcon.colcon_core.shell:Creating package descriptor '/home/aiguy/emergency-handling-plansys2/install/emergency-handling-plansys2/share/emergency-handling-plansys2/package.dsv'
[5.779s] INFO:colcon.colcon_core.shell:Creating package script '/home/aiguy/emergency-handling-plansys2/install/emergency-handling-plansys2/share/emergency-handling-plansys2/package.sh'
[5.780s] INFO:colcon.colcon_core.shell:Creating package script '/home/aiguy/emergency-handling-plansys2/install/emergency-handling-plansys2/share/emergency-handling-plansys2/package.bash'
[5.780s] INFO:colcon.colcon_core.shell:Creating package script '/home/aiguy/emergency-handling-plansys2/install/emergency-handling-plansys2/share/emergency-handling-plansys2/package.zsh'
[5.781s] Level 1:colcon.colcon_core.environment:create_file_with_runtime_dependencies(/home/aiguy/emergency-handling-plansys2/install/emergency-handling-plansys2/share/colcon-core/packages/emergency-handling-plansys2)
[5.875s] Level 1:colcon.colcon_core.environment:create_environment_scripts_only(emergency-handling-plansys2)
[5.877s] Level 1:colcon.colcon_core.environment:checking '/home/aiguy/emergency-handling-plansys2/install/emergency-handling-plansys2' for CMake module files
[5.878s] Level 1:colcon.colcon_core.environment:checking '/home/aiguy/emergency-handling-plansys2/install/emergency-handling-plansys2' for CMake config files
[5.879s] Level 1:colcon.colcon_core.shell:create_environment_hook('emergency-handling-plansys2', 'cmake_prefix_path')
[5.879s] INFO:colcon.colcon_core.shell:Creating environment hook '/home/aiguy/emergency-handling-plansys2/install/emergency-handling-plansys2/share/emergency-handling-plansys2/hook/cmake_prefix_path.ps1'
[5.880s] INFO:colcon.colcon_core.shell:Creating environment descriptor '/home/aiguy/emergency-handling-plansys2/install/emergency-handling-plansys2/share/emergency-handling-plansys2/hook/cmake_prefix_path.dsv'
[5.880s] INFO:colcon.colcon_core.shell:Creating environment hook '/home/aiguy/emergency-handling-plansys2/install/emergency-handling-plansys2/share/emergency-handling-plansys2/hook/cmake_prefix_path.sh'
[5.882s] Level 1:colcon.colcon_core.environment:checking '/home/aiguy/emergency-handling-plansys2/install/emergency-handling-plansys2/lib'
[5.882s] Level 1:colcon.colcon_core.environment:checking '/home/aiguy/emergency-handling-plansys2/install/emergency-handling-plansys2/bin'
[5.882s] Level 1:colcon.colcon_core.environment:checking '/home/aiguy/emergency-handling-plansys2/install/emergency-handling-plansys2/lib/pkgconfig/emergency-handling-plansys2.pc'
[5.882s] Level 1:colcon.colcon_core.environment:checking '/home/aiguy/emergency-handling-plansys2/install/emergency-handling-plansys2/lib/python3.10/site-packages'
[5.882s] Level 1:colcon.colcon_core.environment:checking '/home/aiguy/emergency-handling-plansys2/install/emergency-handling-plansys2/bin'
[5.883s] INFO:colcon.colcon_core.shell:Creating package script '/home/aiguy/emergency-handling-plansys2/install/emergency-handling-plansys2/share/emergency-handling-plansys2/package.ps1'
[5.884s] INFO:colcon.colcon_core.shell:Creating package descriptor '/home/aiguy/emergency-handling-plansys2/install/emergency-handling-plansys2/share/emergency-handling-plansys2/package.dsv'
[5.884s] INFO:colcon.colcon_core.shell:Creating package script '/home/aiguy/emergency-handling-plansys2/install/emergency-handling-plansys2/share/emergency-handling-plansys2/package.sh'
[5.885s] INFO:colcon.colcon_core.shell:Creating package script '/home/aiguy/emergency-handling-plansys2/install/emergency-handling-plansys2/share/emergency-handling-plansys2/package.bash'
[5.886s] INFO:colcon.colcon_core.shell:Creating package script '/home/aiguy/emergency-handling-plansys2/install/emergency-handling-plansys2/share/emergency-handling-plansys2/package.zsh'
[5.886s] Level 1:colcon.colcon_core.environment:create_file_with_runtime_dependencies(/home/aiguy/emergency-handling-plansys2/install/emergency-handling-plansys2/share/colcon-core/packages/emergency-handling-plansys2)
[5.887s] DEBUG:colcon.colcon_parallel_executor.executor.parallel:closing loop
[5.889s] DEBUG:colcon.colcon_parallel_executor.executor.parallel:loop closed
[5.889s] DEBUG:colcon.colcon_parallel_executor.executor.parallel:run_until_complete finished with '0'
[5.889s] DEBUG:colcon.colcon_core.event_reactor:joining thread
[5.894s] INFO:colcon.colcon_core.plugin_system:Skipping extension 'colcon_notification.desktop_notification.terminal_notifier': Not used on non-Darwin systems
[5.894s] INFO:colcon.colcon_core.plugin_system:Skipping extension 'colcon_notification.desktop_notification.win32': Not used on non-Windows systems
[5.894s] INFO:colcon.colcon_notification.desktop_notification:Sending desktop notification using 'notify2'
[5.939s] DEBUG:colcon.colcon_core.event_reactor:joined thread
[5.940s] INFO:colcon.colcon_core.shell:Creating prefix script '/home/aiguy/emergency-handling-plansys2/install/local_setup.ps1'
[5.942s] INFO:colcon.colcon_core.shell:Creating prefix util module '/home/aiguy/emergency-handling-plansys2/install/_local_setup_util_ps1.py'
[5.943s] INFO:colcon.colcon_core.shell:Creating prefix chain script '/home/aiguy/emergency-handling-plansys2/install/setup.ps1'
[5.944s] INFO:colcon.colcon_core.shell:Creating prefix script '/home/aiguy/emergency-handling-plansys2/install/local_setup.sh'
[5.944s] INFO:colcon.colcon_core.shell:Creating prefix util module '/home/aiguy/emergency-handling-plansys2/install/_local_setup_util_sh.py'
[5.945s] INFO:colcon.colcon_core.shell:Creating prefix chain script '/home/aiguy/emergency-handling-plansys2/install/setup.sh'
[5.946s] INFO:colcon.colcon_core.shell:Creating prefix script '/home/aiguy/emergency-handling-plansys2/install/local_setup.bash'
[5.946s] INFO:colcon.colcon_core.shell:Creating prefix chain script '/home/aiguy/emergency-handling-plansys2/install/setup.bash'
[5.947s] INFO:colcon.colcon_core.shell:Creating prefix script '/home/aiguy/emergency-handling-plansys2/install/local_setup.zsh'
[5.948s] INFO:colcon.colcon_core.shell:Creating prefix chain script '/home/aiguy/emergency-handling-plansys2/install/setup.zsh'
