[01m[K/home/aiguy/emergency-handling-plansys2/src/fill.cpp:[m[K In function ‘[01m[Kint main(int, char**)[m[K’:
[01m[K/home/aiguy/emergency-handling-plansys2/src/fill.cpp:58:32:[m[K [01;31m[Kerror: [m[K‘[01m[KMoveAction[m[K’ was not declared in this scope
   58 |   auto node = std::make_shared<[01;31m[KMoveAction[m[K>();
      |                                [01;31m[K^~~~~~~~~~[m[K
[01m[K/home/aiguy/emergency-handling-plansys2/src/fill.cpp:58:43:[m[K [01;31m[Kerror: [m[Kno matching function for call to ‘[01m[Kmake_shared<<expression error> >()[m[K’
   58 |   auto node = [01;31m[Kstd::make_shared<MoveAction>()[m[K;
      |               [01;31m[K~~~~~~~~~~~~~~~~~~~~~~~~~~~~^~[m[K
[01m[K/home/aiguy/emergency-handling-plansys2/src/load_box.cpp:[m[K In function ‘[01m[Kint main(int, char**)[m[K’:
[01m[K/home/aiguy/emergency-handling-plansys2/src/load_box.cpp:58:32:[m[K [01;31m[Kerror: [m[K‘[01m[KMoveAction[m[K’ was not declared in this scope
   58 |   auto node = std::make_shared<[01;31m[KMoveAction[m[K>();
      |                                [01;31m[K^~~~~~~~~~[m[K
[01m[K/home/aiguy/emergency-handling-plansys2/src/load_box.cpp:58:43:[m[K [01;31m[Kerror: [m[Kno matching function for call to ‘[01m[Kmake_shared<<expression error> >()[m[K’
   58 |   auto node = [01;31m[Kstd::make_shared<MoveAction>()[m[K;
      |               [01;31m[K~~~~~~~~~~~~~~~~~~~~~~~~~~~~^~[m[K
[01m[K/home/aiguy/emergency-handling-plansys2/src/unload_box.cpp:[m[K In function ‘[01m[Kint main(int, char**)[m[K’:
[01m[K/home/aiguy/emergency-handling-plansys2/src/unload_box.cpp:58:32:[m[K [01;31m[Kerror: [m[K‘[01m[KMoveAction[m[K’ was not declared in this scope
   58 |   auto node = std::make_shared<[01;31m[KMoveAction[m[K>();
      |                                [01;31m[K^~~~~~~~~~[m[K
[01m[K/home/aiguy/emergency-handling-plansys2/src/unload_box.cpp:58:43:[m[K [01;31m[Kerror: [m[Kno matching function for call to ‘[01m[Kmake_shared<<expression error> >()[m[K’
   58 |   auto node = [01;31m[Kstd::make_shared<MoveAction>()[m[K;
      |               [01;31m[K~~~~~~~~~~~~~~~~~~~~~~~~~~~~^~[m[K
[01m[K/home/aiguy/emergency-handling-plansys2/src/move_to_need.cpp:[m[K In function ‘[01m[Kint main(int, char**)[m[K’:
[01m[K/home/aiguy/emergency-handling-plansys2/src/move_to_need.cpp:58:32:[m[K [01;31m[Kerror: [m[K‘[01m[KMoveAction[m[K’ was not declared in this scope
   58 |   auto node = std::make_shared<[01;31m[KMoveAction[m[K>();
      |                                [01;31m[K^~~~~~~~~~[m[K
[01m[K/home/aiguy/emergency-handling-plansys2/src/move_to_need.cpp:58:43:[m[K [01;31m[Kerror: [m[Kno matching function for call to ‘[01m[Kmake_shared<<expression error> >()[m[K’
   58 |   auto node = [01;31m[Kstd::make_shared<MoveAction>()[m[K;
      |               [01;31m[K~~~~~~~~~~~~~~~~~~~~~~~~~~~~^~[m[K
[01m[K/home/aiguy/emergency-handling-plansys2/src/empty_box.cpp:28:3:[m[K [01;31m[Kerror: [m[KISO C++ forbids declaration of ‘[01m[KEmptyBox[m[K’ with no type [[01;31m[K]8;;https://gcc.gnu.org/onlinedocs/gcc/Warning-Options.html#index-fpermissive-fpermissive]8;;[m[K]
   28 |   [01;31m[KEmptyBox[m[K()
      |   [01;31m[K^~~~~~~~[m[K
[01m[K/home/aiguy/emergency-handling-plansys2/src/empty_box.cpp:[m[K In member function ‘[01m[Kint EmptyBoxAction::EmptyBox()[m[K’:
[01m[K/home/aiguy/emergency-handling-plansys2/src/empty_box.cpp:29:5:[m[K [01;31m[Kerror: [m[Konly constructors take member initializers
   29 |   : [01;31m[Kplansys2[m[K::ActionExecutorClient("empty_box", 250ms)
      |     [01;31m[K^~~~~~~~[m[K
[01m[K/home/aiguy/emergency-handling-plansys2/src/empty_box.cpp:32:3:[m[K [01;35m[Kwarning: [m[Kno return statement in function returning non-void [[01;35m[K]8;;https://gcc.gnu.org/onlinedocs/gcc/Warning-Options.html#index-Wreturn-type-Wreturn-type]8;;[m[K]
   32 |   [01;35m[K}[m[K
      |   [01;35m[K^[m[K
In file included from [01m[K/usr/include/c++/11/memory:77[m[K,
                 from [01m[K/home/aiguy/emergency-handling-plansys2/src/unload_box.cpp:15[m[K:
[01m[K/usr/include/c++/11/bits/shared_ptr.h:875:5:[m[K [01;36m[Knote: [m[Kcandidate: ‘[01m[Ktemplate<class _Tp, class ... _Args> std::shared_ptr<_Tp> std::make_shared(_Args&& ...)[m[K’
  875 |     [01;36m[Kmake_shared[m[K(_Args&&... __args)
      |     [01;36m[K^~~~~~~~~~~[m[K
In file included from [01m[K/usr/include/c++/11/memory:77[m[K,
                 from [01m[K/home/aiguy/emergency-handling-plansys2/src/fill.cpp:15[m[K:
[01m[K/usr/include/c++/11/bits/shared_ptr.h:875:5:[m[K [01;36m[Knote: [m[Kcandidate: ‘[01m[Ktemplate<class _Tp, class ... _Args> std::shared_ptr<_Tp> std::make_shared(_Args&& ...)[m[K’
  875 |     [01;36m[Kmake_shared[m[K(_Args&&... __args)
      |     [01;36m[K^~~~~~~~~~~[m[K
In file included from [01m[K/usr/include/c++/11/memory:77[m[K,
                 from [01m[K/home/aiguy/emergency-handling-plansys2/src/load_box.cpp:15[m[K:
[01m[K/usr/include/c++/11/bits/shared_ptr.h:875:5:[m[K [01;36m[Knote: [m[Kcandidate: ‘[01m[Ktemplate<class _Tp, class ... _Args> std::shared_ptr<_Tp> std::make_shared(_Args&& ...)[m[K’
  875 |     [01;36m[Kmake_shared[m[K(_Args&&... __args)
      |     [01;36m[K^~~~~~~~~~~[m[K
[01m[K/usr/include/c++/11/bits/shared_ptr.h:875:5:[m[K [01;36m[Knote: [m[K  template argument deduction/substitution failed:
[01m[K/usr/include/c++/11/bits/shared_ptr.h:875:5:[m[K [01;36m[Knote: [m[K  template argument deduction/substitution failed:
[01m[K/usr/include/c++/11/bits/shared_ptr.h:875:5:[m[K [01;36m[Knote: [m[K  template argument deduction/substitution failed:
[01m[K/home/aiguy/emergency-handling-plansys2/src/fill.cpp:58:43:[m[K [01;31m[Kerror: [m[Ktemplate argument 1 is invalid
   58 |   auto node = [01;31m[Kstd::make_shared<MoveAction>()[m[K;
      |               [01;31m[K~~~~~~~~~~~~~~~~~~~~~~~~~~~~^~[m[K
[01m[K/home/aiguy/emergency-handling-plansys2/src/unload_box.cpp:58:43:[m[K [01;31m[Kerror: [m[Ktemplate argument 1 is invalid
   58 |   auto node = [01;31m[Kstd::make_shared<MoveAction>()[m[K;
      |               [01;31m[K~~~~~~~~~~~~~~~~~~~~~~~~~~~~^~[m[K
[01m[K/home/aiguy/emergency-handling-plansys2/src/load_box.cpp:58:43:[m[K [01;31m[Kerror: [m[Ktemplate argument 1 is invalid
   58 |   auto node = [01;31m[Kstd::make_shared<MoveAction>()[m[K;
      |               [01;31m[K~~~~~~~~~~~~~~~~~~~~~~~~~~~~^~[m[K
In file included from [01m[K/usr/include/c++/11/memory:77[m[K,
                 from [01m[K/home/aiguy/emergency-handling-plansys2/src/move_to_need.cpp:15[m[K:
[01m[K/usr/include/c++/11/bits/shared_ptr.h:875:5:[m[K [01;36m[Knote: [m[Kcandidate: ‘[01m[Ktemplate<class _Tp, class ... _Args> std::shared_ptr<_Tp> std::make_shared(_Args&& ...)[m[K’
  875 |     [01;36m[Kmake_shared[m[K(_Args&&... __args)
      |     [01;36m[K^~~~~~~~~~~[m[K
[01m[K/usr/include/c++/11/bits/shared_ptr.h:875:5:[m[K [01;36m[Knote: [m[K  template argument deduction/substitution failed:
[01m[K/home/aiguy/emergency-handling-plansys2/src/move_to_need.cpp:58:43:[m[K [01;31m[Kerror: [m[Ktemplate argument 1 is invalid
   58 |   auto node = [01;31m[Kstd::make_shared<MoveAction>()[m[K;
      |               [01;31m[K~~~~~~~~~~~~~~~~~~~~~~~~~~~~^~[m[K
[01m[K/home/aiguy/emergency-handling-plansys2/src/empty_box.cpp:[m[K In function ‘[01m[Kint main(int, char**)[m[K’:
[01m[K/home/aiguy/emergency-handling-plansys2/src/empty_box.cpp:58:32:[m[K [01;31m[Kerror: [m[K‘[01m[KMoveAction[m[K’ was not declared in this scope
   58 |   auto node = std::make_shared<[01;31m[KMoveAction[m[K>();
      |                                [01;31m[K^~~~~~~~~~[m[K
[01m[K/home/aiguy/emergency-handling-plansys2/src/empty_box.cpp:58:43:[m[K [01;31m[Kerror: [m[Kno matching function for call to ‘[01m[Kmake_shared<<expression error> >()[m[K’
   58 |   auto node = [01;31m[Kstd::make_shared<MoveAction>()[m[K;
      |               [01;31m[K~~~~~~~~~~~~~~~~~~~~~~~~~~~~^~[m[K
In file included from [01m[K/usr/include/c++/11/memory:77[m[K,
                 from [01m[K/home/aiguy/emergency-handling-plansys2/src/empty_box.cpp:15[m[K:
[01m[K/usr/include/c++/11/bits/shared_ptr.h:875:5:[m[K [01;36m[Knote: [m[Kcandidate: ‘[01m[Ktemplate<class _Tp, class ... _Args> std::shared_ptr<_Tp> std::make_shared(_Args&& ...)[m[K’
  875 |     [01;36m[Kmake_shared[m[K(_Args&&... __args)
      |     [01;36m[K^~~~~~~~~~~[m[K
[01m[K/usr/include/c++/11/bits/shared_ptr.h:875:5:[m[K [01;36m[Knote: [m[K  template argument deduction/substitution failed:
[01m[K/home/aiguy/emergency-handling-plansys2/src/empty_box.cpp:58:43:[m[K [01;31m[Kerror: [m[Ktemplate argument 1 is invalid
   58 |   auto node = [01;31m[Kstd::make_shared<MoveAction>()[m[K;
      |               [01;31m[K~~~~~~~~~~~~~~~~~~~~~~~~~~~~^~[m[K
gmake[2]: *** [CMakeFiles/unload_box_node.dir/build.make:76: CMakeFiles/unload_box_node.dir/src/unload_box.cpp.o] Error 1
gmake[1]: *** [CMakeFiles/Makefile2:277: CMakeFiles/unload_box_node.dir/all] Error 2
gmake[1]: *** Waiting for unfinished jobs....
gmake[2]: *** [CMakeFiles/fill_node.dir/build.make:76: CMakeFiles/fill_node.dir/src/fill.cpp.o] Error 1
gmake[1]: *** [CMakeFiles/Makefile2:173: CMakeFiles/fill_node.dir/all] Error 2
gmake[2]: *** [CMakeFiles/load_box_node.dir/build.make:76: CMakeFiles/load_box_node.dir/src/load_box.cpp.o] Error 1
gmake[1]: *** [CMakeFiles/Makefile2:199: CMakeFiles/load_box_node.dir/all] Error 2
gmake[2]: *** [CMakeFiles/empty_box_node.dir/build.make:76: CMakeFiles/empty_box_node.dir/src/empty_box.cpp.o] Error 1
gmake[2]: *** [CMakeFiles/move_to_need_node.dir/build.make:76: CMakeFiles/move_to_need_node.dir/src/move_to_need.cpp.o] Error 1
gmake[1]: *** [CMakeFiles/Makefile2:147: CMakeFiles/empty_box_node.dir/all] Error 2
gmake[1]: *** [CMakeFiles/Makefile2:251: CMakeFiles/move_to_need_node.dir/all] Error 2
gmake: *** [Makefile:146: all] Error 2
