-- The C compiler identification is GNU 11.3.0
-- The CXX compiler identification is GNU 11.3.0
-- Detecting C compiler ABI info
-- Detecting C compiler ABI info - done
-- Check for working C compiler: /usr/bin/cc - skipped
-- Detecting C compile features
-- Detecting C compile features - done
-- Detecting CXX compiler ABI info
-- Detecting CXX compiler ABI info - done
-- Check for working CXX compiler: /usr/bin/c++ - skipped
-- Detecting CXX compile features
-- Detecting CXX compile features - done
-- Found ament_cmake: 1.3.4 (/opt/ros/humble/share/ament_cmake/cmake)
-- Found Python3: /usr/bin/python3.10 (found version "3.10.6") found components: Interpreter 
-- Override CMake install command with custom implementation using symlinks instead of copying resources
-- Found rclcpp: 16.0.4 (/opt/ros/humble/share/rclcpp/cmake)
-- Found rosidl_generator_c: 3.1.4 (/opt/ros/humble/share/rosidl_generator_c/cmake)
-- Found rosidl_adapter: 3.1.4 (/opt/ros/humble/share/rosidl_adapter/cmake)
-- Found rosidl_generator_cpp: 3.1.4 (/opt/ros/humble/share/rosidl_generator_cpp/cmake)
-- Using all available rosidl_typesupport_c: rosidl_typesupport_fastrtps_c;rosidl_typesupport_introspection_c
-- Using all available rosidl_typesupport_cpp: rosidl_typesupport_fastrtps_cpp;rosidl_typesupport_introspection_cpp
-- Found rmw_implementation_cmake: 6.1.1 (/opt/ros/humble/share/rmw_implementation_cmake/cmake)
-- Found rmw_fastrtps_cpp: 6.2.2 (/opt/ros/humble/share/rmw_fastrtps_cpp/cmake)
-- Found OpenSSL: /usr/lib/x86_64-linux-gnu/libcrypto.so (found version "3.0.2")  
-- Found FastRTPS: /opt/ros/humble/include  
-- Using RMW implementation 'rmw_fastrtps_cpp' as default
-- Looking for pthread.h
-- Looking for pthread.h - found
-- Performing Test CMAKE_HAVE_LIBC_PTHREAD
-- Performing Test CMAKE_HAVE_LIBC_PTHREAD - Success
-- Found Threads: TRUE  
-- Found rclcpp_action: 16.0.4 (/opt/ros/humble/share/rclcpp_action/cmake)
-- Found plansys2_msgs: 2.0.9 (/opt/ros/humble/share/plansys2_msgs/cmake)
-- Found plansys2_executor: 2.0.9 (/opt/ros/humble/share/plansys2_executor/cmake)
-- Found ament_lint_auto: 0.12.6 (/opt/ros/humble/share/ament_lint_auto/cmake)
-- Added test 'copyright' to check source files copyright and LICENSE
-- Added test 'cppcheck' to perform static code analysis on C / C++ code
-- Configured cppcheck include dirs: 
-- Configured cppcheck exclude dirs and/or files: 
-- Added test 'cpplint' to check C / C++ code against the Google style
-- Configured cpplint exclude dirs and/or files: 
-- Added test 'flake8' to check Python code syntax and style conventions
-- Added test 'lint_cmake' to check CMake code style
-- Added test 'pep257' to check Python code against some of the docstring style conventions in PEP 257
-- Added test 'uncrustify' to check C / C++ code style
-- Configured uncrustify additional arguments: 
-- Added test 'xmllint' to check XML markup files
-- Configuring done
-- Generating done
-- Build files have been written to: /home/aiguy/emergency-handling-plansys2/build/emergency-handling-plansys2
[  8%] [32mBuilding CXX object CMakeFiles/load_box_node.dir/src/load_box.cpp.o[0m
[ 16%] [32mBuilding CXX object CMakeFiles/move_node.dir/src/move.cpp.o[0m
[ 33%] [32mBuilding CXX object CMakeFiles/fill_node.dir/src/fill.cpp.o[0m
[ 41%] [32mBuilding CXX object CMakeFiles/unload_box_node.dir/src/unload_box.cpp.o[0m
[ 41%] [32mBuilding CXX object CMakeFiles/empty_box_node.dir/src/empty_box.cpp.o[0m
[ 50%] [32mBuilding CXX object CMakeFiles/move_to_need_node.dir/src/move_to_need.cpp.o[0m
[01m[K/home/aiguy/emergency-handling-plansys2/src/fill.cpp:[m[K In function ‘[01m[Kint main(int, char**)[m[K’:
[01m[K/home/aiguy/emergency-handling-plansys2/src/fill.cpp:58:32:[m[K [01;31m[Kerror: [m[K‘[01m[KMoveAction[m[K’ was not declared in this scope
   58 |   auto node = std::make_shared<[01;31m[KMoveAction[m[K>();
      |                                [01;31m[K^~~~~~~~~~[m[K
[01m[K/home/aiguy/emergency-handling-plansys2/src/fill.cpp:58:43:[m[K [01;31m[Kerror: [m[Kno matching function for call to ‘[01m[Kmake_shared<<expression error> >()[m[K’
   58 |   auto node = [01;31m[Kstd::make_shared<MoveAction>()[m[K;
      |               [01;31m[K~~~~~~~~~~~~~~~~~~~~~~~~~~~~^~[m[K
[01m[K/home/aiguy/emergency-handling-plansys2/src/load_box.cpp:[m[K In function ‘[01m[Kint main(int, char**)[m[K’:
[01m[K/home/aiguy/emergency-handling-plansys2/src/load_box.cpp:58:32:[m[K [01;31m[Kerror: [m[K‘[01m[KMoveAction[m[K’ was not declared in this scope
   58 |   auto node = std::make_shared<[01;31m[KMoveAction[m[K>();
      |                                [01;31m[K^~~~~~~~~~[m[K
[01m[K/home/aiguy/emergency-handling-plansys2/src/load_box.cpp:58:43:[m[K [01;31m[Kerror: [m[Kno matching function for call to ‘[01m[Kmake_shared<<expression error> >()[m[K’
   58 |   auto node = [01;31m[Kstd::make_shared<MoveAction>()[m[K;
      |               [01;31m[K~~~~~~~~~~~~~~~~~~~~~~~~~~~~^~[m[K
[01m[K/home/aiguy/emergency-handling-plansys2/src/unload_box.cpp:[m[K In function ‘[01m[Kint main(int, char**)[m[K’:
[01m[K/home/aiguy/emergency-handling-plansys2/src/unload_box.cpp:58:32:[m[K [01;31m[Kerror: [m[K‘[01m[KMoveAction[m[K’ was not declared in this scope
   58 |   auto node = std::make_shared<[01;31m[KMoveAction[m[K>();
      |                                [01;31m[K^~~~~~~~~~[m[K
[01m[K/home/aiguy/emergency-handling-plansys2/src/unload_box.cpp:58:43:[m[K [01;31m[Kerror: [m[Kno matching function for call to ‘[01m[Kmake_shared<<expression error> >()[m[K’
   58 |   auto node = [01;31m[Kstd::make_shared<MoveAction>()[m[K;
      |               [01;31m[K~~~~~~~~~~~~~~~~~~~~~~~~~~~~^~[m[K
[01m[K/home/aiguy/emergency-handling-plansys2/src/move_to_need.cpp:[m[K In function ‘[01m[Kint main(int, char**)[m[K’:
[01m[K/home/aiguy/emergency-handling-plansys2/src/move_to_need.cpp:58:32:[m[K [01;31m[Kerror: [m[K‘[01m[KMoveAction[m[K’ was not declared in this scope
   58 |   auto node = std::make_shared<[01;31m[KMoveAction[m[K>();
      |                                [01;31m[K^~~~~~~~~~[m[K
[01m[K/home/aiguy/emergency-handling-plansys2/src/move_to_need.cpp:58:43:[m[K [01;31m[Kerror: [m[Kno matching function for call to ‘[01m[Kmake_shared<<expression error> >()[m[K’
   58 |   auto node = [01;31m[Kstd::make_shared<MoveAction>()[m[K;
      |               [01;31m[K~~~~~~~~~~~~~~~~~~~~~~~~~~~~^~[m[K
[01m[K/home/aiguy/emergency-handling-plansys2/src/empty_box.cpp:28:3:[m[K [01;31m[Kerror: [m[KISO C++ forbids declaration of ‘[01m[KEmptyBox[m[K’ with no type [[01;31m[K]8;;https://gcc.gnu.org/onlinedocs/gcc/Warning-Options.html#index-fpermissive-fpermissive]8;;[m[K]
   28 |   [01;31m[KEmptyBox[m[K()
      |   [01;31m[K^~~~~~~~[m[K
[01m[K/home/aiguy/emergency-handling-plansys2/src/empty_box.cpp:[m[K In member function ‘[01m[Kint EmptyBoxAction::EmptyBox()[m[K’:
[01m[K/home/aiguy/emergency-handling-plansys2/src/empty_box.cpp:29:5:[m[K [01;31m[Kerror: [m[Konly constructors take member initializers
   29 |   : [01;31m[Kplansys2[m[K::ActionExecutorClient("empty_box", 250ms)
      |     [01;31m[K^~~~~~~~[m[K
[01m[K/home/aiguy/emergency-handling-plansys2/src/empty_box.cpp:32:3:[m[K [01;35m[Kwarning: [m[Kno return statement in function returning non-void [[01;35m[K]8;;https://gcc.gnu.org/onlinedocs/gcc/Warning-Options.html#index-Wreturn-type-Wreturn-type]8;;[m[K]
   32 |   [01;35m[K}[m[K
      |   [01;35m[K^[m[K
In file included from [01m[K/usr/include/c++/11/memory:77[m[K,
                 from [01m[K/home/aiguy/emergency-handling-plansys2/src/unload_box.cpp:15[m[K:
[01m[K/usr/include/c++/11/bits/shared_ptr.h:875:5:[m[K [01;36m[Knote: [m[Kcandidate: ‘[01m[Ktemplate<class _Tp, class ... _Args> std::shared_ptr<_Tp> std::make_shared(_Args&& ...)[m[K’
  875 |     [01;36m[Kmake_shared[m[K(_Args&&... __args)
      |     [01;36m[K^~~~~~~~~~~[m[K
In file included from [01m[K/usr/include/c++/11/memory:77[m[K,
                 from [01m[K/home/aiguy/emergency-handling-plansys2/src/fill.cpp:15[m[K:
[01m[K/usr/include/c++/11/bits/shared_ptr.h:875:5:[m[K [01;36m[Knote: [m[Kcandidate: ‘[01m[Ktemplate<class _Tp, class ... _Args> std::shared_ptr<_Tp> std::make_shared(_Args&& ...)[m[K’
  875 |     [01;36m[Kmake_shared[m[K(_Args&&... __args)
      |     [01;36m[K^~~~~~~~~~~[m[K
In file included from [01m[K/usr/include/c++/11/memory:77[m[K,
                 from [01m[K/home/aiguy/emergency-handling-plansys2/src/load_box.cpp:15[m[K:
[01m[K/usr/include/c++/11/bits/shared_ptr.h:875:5:[m[K [01;36m[Knote: [m[Kcandidate: ‘[01m[Ktemplate<class _Tp, class ... _Args> std::shared_ptr<_Tp> std::make_shared(_Args&& ...)[m[K’
  875 |     [01;36m[Kmake_shared[m[K(_Args&&... __args)
      |     [01;36m[K^~~~~~~~~~~[m[K
[01m[K/usr/include/c++/11/bits/shared_ptr.h:875:5:[m[K [01;36m[Knote: [m[K  template argument deduction/substitution failed:
[01m[K/usr/include/c++/11/bits/shared_ptr.h:875:5:[m[K [01;36m[Knote: [m[K  template argument deduction/substitution failed:
[01m[K/usr/include/c++/11/bits/shared_ptr.h:875:5:[m[K [01;36m[Knote: [m[K  template argument deduction/substitution failed:
[01m[K/home/aiguy/emergency-handling-plansys2/src/fill.cpp:58:43:[m[K [01;31m[Kerror: [m[Ktemplate argument 1 is invalid
   58 |   auto node = [01;31m[Kstd::make_shared<MoveAction>()[m[K;
      |               [01;31m[K~~~~~~~~~~~~~~~~~~~~~~~~~~~~^~[m[K
[01m[K/home/aiguy/emergency-handling-plansys2/src/unload_box.cpp:58:43:[m[K [01;31m[Kerror: [m[Ktemplate argument 1 is invalid
   58 |   auto node = [01;31m[Kstd::make_shared<MoveAction>()[m[K;
      |               [01;31m[K~~~~~~~~~~~~~~~~~~~~~~~~~~~~^~[m[K
[01m[K/home/aiguy/emergency-handling-plansys2/src/load_box.cpp:58:43:[m[K [01;31m[Kerror: [m[Ktemplate argument 1 is invalid
   58 |   auto node = [01;31m[Kstd::make_shared<MoveAction>()[m[K;
      |               [01;31m[K~~~~~~~~~~~~~~~~~~~~~~~~~~~~^~[m[K
In file included from [01m[K/usr/include/c++/11/memory:77[m[K,
                 from [01m[K/home/aiguy/emergency-handling-plansys2/src/move_to_need.cpp:15[m[K:
[01m[K/usr/include/c++/11/bits/shared_ptr.h:875:5:[m[K [01;36m[Knote: [m[Kcandidate: ‘[01m[Ktemplate<class _Tp, class ... _Args> std::shared_ptr<_Tp> std::make_shared(_Args&& ...)[m[K’
  875 |     [01;36m[Kmake_shared[m[K(_Args&&... __args)
      |     [01;36m[K^~~~~~~~~~~[m[K
[01m[K/usr/include/c++/11/bits/shared_ptr.h:875:5:[m[K [01;36m[Knote: [m[K  template argument deduction/substitution failed:
[01m[K/home/aiguy/emergency-handling-plansys2/src/move_to_need.cpp:58:43:[m[K [01;31m[Kerror: [m[Ktemplate argument 1 is invalid
   58 |   auto node = [01;31m[Kstd::make_shared<MoveAction>()[m[K;
      |               [01;31m[K~~~~~~~~~~~~~~~~~~~~~~~~~~~~^~[m[K
[01m[K/home/aiguy/emergency-handling-plansys2/src/empty_box.cpp:[m[K In function ‘[01m[Kint main(int, char**)[m[K’:
[01m[K/home/aiguy/emergency-handling-plansys2/src/empty_box.cpp:58:32:[m[K [01;31m[Kerror: [m[K‘[01m[KMoveAction[m[K’ was not declared in this scope
   58 |   auto node = std::make_shared<[01;31m[KMoveAction[m[K>();
      |                                [01;31m[K^~~~~~~~~~[m[K
[01m[K/home/aiguy/emergency-handling-plansys2/src/empty_box.cpp:58:43:[m[K [01;31m[Kerror: [m[Kno matching function for call to ‘[01m[Kmake_shared<<expression error> >()[m[K’
   58 |   auto node = [01;31m[Kstd::make_shared<MoveAction>()[m[K;
      |               [01;31m[K~~~~~~~~~~~~~~~~~~~~~~~~~~~~^~[m[K
In file included from [01m[K/usr/include/c++/11/memory:77[m[K,
                 from [01m[K/home/aiguy/emergency-handling-plansys2/src/empty_box.cpp:15[m[K:
[01m[K/usr/include/c++/11/bits/shared_ptr.h:875:5:[m[K [01;36m[Knote: [m[Kcandidate: ‘[01m[Ktemplate<class _Tp, class ... _Args> std::shared_ptr<_Tp> std::make_shared(_Args&& ...)[m[K’
  875 |     [01;36m[Kmake_shared[m[K(_Args&&... __args)
      |     [01;36m[K^~~~~~~~~~~[m[K
[01m[K/usr/include/c++/11/bits/shared_ptr.h:875:5:[m[K [01;36m[Knote: [m[K  template argument deduction/substitution failed:
[01m[K/home/aiguy/emergency-handling-plansys2/src/empty_box.cpp:58:43:[m[K [01;31m[Kerror: [m[Ktemplate argument 1 is invalid
   58 |   auto node = [01;31m[Kstd::make_shared<MoveAction>()[m[K;
      |               [01;31m[K~~~~~~~~~~~~~~~~~~~~~~~~~~~~^~[m[K
gmake[2]: *** [CMakeFiles/unload_box_node.dir/build.make:76: CMakeFiles/unload_box_node.dir/src/unload_box.cpp.o] Error 1
gmake[1]: *** [CMakeFiles/Makefile2:277: CMakeFiles/unload_box_node.dir/all] Error 2
gmake[1]: *** Waiting for unfinished jobs....
gmake[2]: *** [CMakeFiles/fill_node.dir/build.make:76: CMakeFiles/fill_node.dir/src/fill.cpp.o] Error 1
gmake[1]: *** [CMakeFiles/Makefile2:173: CMakeFiles/fill_node.dir/all] Error 2
gmake[2]: *** [CMakeFiles/load_box_node.dir/build.make:76: CMakeFiles/load_box_node.dir/src/load_box.cpp.o] Error 1
gmake[1]: *** [CMakeFiles/Makefile2:199: CMakeFiles/load_box_node.dir/all] Error 2
gmake[2]: *** [CMakeFiles/empty_box_node.dir/build.make:76: CMakeFiles/empty_box_node.dir/src/empty_box.cpp.o] Error 1
gmake[2]: *** [CMakeFiles/move_to_need_node.dir/build.make:76: CMakeFiles/move_to_need_node.dir/src/move_to_need.cpp.o] Error 1
gmake[1]: *** [CMakeFiles/Makefile2:147: CMakeFiles/empty_box_node.dir/all] Error 2
gmake[1]: *** [CMakeFiles/Makefile2:251: CMakeFiles/move_to_need_node.dir/all] Error 2
[ 58%] [32m[1mLinking CXX executable move_node[0m
[ 58%] Built target move_node
gmake: *** [Makefile:146: all] Error 2
