[0.100s] Invoking command in '/home/aiguy/emergency-handling-plansys2/build/emergency-handling-plansys2': CMAKE_PREFIX_PATH=/opt/ros/humble /usr/bin/cmake /home/aiguy/emergency-handling-plansys2 -DAMENT_CMAKE_SYMLINK_INSTALL=1 -DCMAKE_INSTALL_PREFIX=/home/aiguy/emergency-handling-plansys2/install/emergency-handling-plansys2
[1.262s] -- The C compiler identification is GNU 11.3.0
[1.876s] -- The CXX compiler identification is GNU 11.3.0
[1.901s] -- Detecting C compiler ABI info
[2.175s] -- Detecting C compiler ABI info - done
[2.182s] -- Check for working C compiler: /usr/bin/cc - skipped
[2.184s] -- Detecting C compile features
[2.200s] -- Detecting C compile features - done
[2.206s] -- Detecting CXX compiler ABI info
[2.336s] -- Detecting CXX compiler ABI info - done
[2.347s] -- Check for working CXX compiler: /usr/bin/c++ - skipped
[2.348s] -- Detecting CXX compile features
[2.348s] -- Detecting CXX compile features - done
[2.409s] -- Found ament_cmake: 1.3.4 (/opt/ros/humble/share/ament_cmake/cmake)
[2.710s] -- Found Python3: /usr/bin/python3.10 (found version "3.10.6") found components: Interpreter 
[2.844s] -- Override CMake install command with custom implementation using symlinks instead of copying resources
[3.085s] -- Found rclcpp: 16.0.4 (/opt/ros/humble/share/rclcpp/cmake)
[3.413s] -- Found rosidl_generator_c: 3.1.4 (/opt/ros/humble/share/rosidl_generator_c/cmake)
[3.427s] -- Found rosidl_adapter: 3.1.4 (/opt/ros/humble/share/rosidl_adapter/cmake)
[3.457s] -- Found rosidl_generator_cpp: 3.1.4 (/opt/ros/humble/share/rosidl_generator_cpp/cmake)
[3.593s] -- Using all available rosidl_typesupport_c: rosidl_typesupport_fastrtps_c;rosidl_typesupport_introspection_c
[3.658s] -- Using all available rosidl_typesupport_cpp: rosidl_typesupport_fastrtps_cpp;rosidl_typesupport_introspection_cpp
[3.915s] -- Found rmw_implementation_cmake: 6.1.1 (/opt/ros/humble/share/rmw_implementation_cmake/cmake)
[3.928s] -- Found rmw_fastrtps_cpp: 6.2.2 (/opt/ros/humble/share/rmw_fastrtps_cpp/cmake)
[4.495s] -- Found OpenSSL: /usr/lib/x86_64-linux-gnu/libcrypto.so (found version "3.0.2")  
[4.543s] -- Found FastRTPS: /opt/ros/humble/include  
[4.595s] -- Using RMW implementation 'rmw_fastrtps_cpp' as default
[4.713s] -- Looking for pthread.h
[5.136s] -- Looking for pthread.h - found
[5.136s] -- Performing Test CMAKE_HAVE_LIBC_PTHREAD
[5.279s] -- Performing Test CMAKE_HAVE_LIBC_PTHREAD - Success
[5.280s] -- Found Threads: TRUE  
[5.647s] -- Found rclcpp_action: 16.0.4 (/opt/ros/humble/share/rclcpp_action/cmake)
[5.908s] -- Found plansys2_msgs: 2.0.9 (/opt/ros/humble/share/plansys2_msgs/cmake)
[6.039s] -- Found plansys2_executor: 2.0.9 (/opt/ros/humble/share/plansys2_executor/cmake)
[11.982s] -- Found ament_lint_auto: 0.12.6 (/opt/ros/humble/share/ament_lint_auto/cmake)
[12.251s] -- Added test 'copyright' to check source files copyright and LICENSE
[12.255s] -- Added test 'cppcheck' to perform static code analysis on C / C++ code
[12.256s] -- Configured cppcheck include dirs: 
[12.256s] -- Configured cppcheck exclude dirs and/or files: 
[12.260s] -- Added test 'cpplint' to check C / C++ code against the Google style
[12.260s] -- Configured cpplint exclude dirs and/or files: 
[12.262s] -- Added test 'flake8' to check Python code syntax and style conventions
[12.264s] -- Added test 'lint_cmake' to check CMake code style
[12.265s] -- Added test 'pep257' to check Python code against some of the docstring style conventions in PEP 257
[12.269s] -- Added test 'uncrustify' to check C / C++ code style
[12.270s] -- Configured uncrustify additional arguments: 
[12.271s] -- Added test 'xmllint' to check XML markup files
[12.290s] -- Configuring done
[13.203s] -- Generating done
[13.206s] -- Build files have been written to: /home/aiguy/emergency-handling-plansys2/build/emergency-handling-plansys2
[13.218s] Invoked command in '/home/aiguy/emergency-handling-plansys2/build/emergency-handling-plansys2' returned '0': CMAKE_PREFIX_PATH=/opt/ros/humble /usr/bin/cmake /home/aiguy/emergency-handling-plansys2 -DAMENT_CMAKE_SYMLINK_INSTALL=1 -DCMAKE_INSTALL_PREFIX=/home/aiguy/emergency-handling-plansys2/install/emergency-handling-plansys2
[13.219s] Invoking command in '/home/aiguy/emergency-handling-plansys2/build/emergency-handling-plansys2': CMAKE_PREFIX_PATH=/opt/ros/humble /usr/bin/cmake --build /home/aiguy/emergency-handling-plansys2/build/emergency-handling-plansys2 -- -j8 -l8
[13.294s] [  8%] [32mBuilding CXX object CMakeFiles/load_box_node.dir/src/load_box.cpp.o[0m
[13.294s] [ 16%] [32mBuilding CXX object CMakeFiles/move_node.dir/src/move.cpp.o[0m
[13.300s] [ 33%] [32mBuilding CXX object CMakeFiles/fill_node.dir/src/fill.cpp.o[0m
[13.300s] [ 41%] [32mBuilding CXX object CMakeFiles/unload_box_node.dir/src/unload_box.cpp.o[0m
[13.300s] [ 41%] [32mBuilding CXX object CMakeFiles/empty_box_node.dir/src/empty_box.cpp.o[0m
[13.300s] [ 50%] [32mBuilding CXX object CMakeFiles/move_to_need_node.dir/src/move_to_need.cpp.o[0m
[30.359s] [01m[K/home/aiguy/emergency-handling-plansys2/src/fill.cpp:[m[K In function ‘[01m[Kint main(int, char**)[m[K’:
[30.359s] [01m[K/home/aiguy/emergency-handling-plansys2/src/fill.cpp:58:32:[m[K [01;31m[Kerror: [m[K‘[01m[KMoveAction[m[K’ was not declared in this scope
[30.359s]    58 |   auto node = std::make_shared<[01;31m[KMoveAction[m[K>();
[30.359s]       |                                [01;31m[K^~~~~~~~~~[m[K
[30.360s] [01m[K/home/aiguy/emergency-handling-plansys2/src/fill.cpp:58:43:[m[K [01;31m[Kerror: [m[Kno matching function for call to ‘[01m[Kmake_shared<<expression error> >()[m[K’
[30.360s]    58 |   auto node = [01;31m[Kstd::make_shared<MoveAction>()[m[K;
[30.360s]       |               [01;31m[K~~~~~~~~~~~~~~~~~~~~~~~~~~~~^~[m[K
[30.360s] [01m[K/home/aiguy/emergency-handling-plansys2/src/load_box.cpp:[m[K In function ‘[01m[Kint main(int, char**)[m[K’:
[30.360s] [01m[K/home/aiguy/emergency-handling-plansys2/src/load_box.cpp:58:32:[m[K [01;31m[Kerror: [m[K‘[01m[KMoveAction[m[K’ was not declared in this scope
[30.360s]    58 |   auto node = std::make_shared<[01;31m[KMoveAction[m[K>();
[30.360s]       |                                [01;31m[K^~~~~~~~~~[m[K
[30.360s] [01m[K/home/aiguy/emergency-handling-plansys2/src/load_box.cpp:58:43:[m[K [01;31m[Kerror: [m[Kno matching function for call to ‘[01m[Kmake_shared<<expression error> >()[m[K’
[30.360s]    58 |   auto node = [01;31m[Kstd::make_shared<MoveAction>()[m[K;
[30.360s]       |               [01;31m[K~~~~~~~~~~~~~~~~~~~~~~~~~~~~^~[m[K
[30.448s] [01m[K/home/aiguy/emergency-handling-plansys2/src/unload_box.cpp:[m[K In function ‘[01m[Kint main(int, char**)[m[K’:
[30.448s] [01m[K/home/aiguy/emergency-handling-plansys2/src/unload_box.cpp:58:32:[m[K [01;31m[Kerror: [m[K‘[01m[KMoveAction[m[K’ was not declared in this scope
[30.448s]    58 |   auto node = std::make_shared<[01;31m[KMoveAction[m[K>();
[30.448s]       |                                [01;31m[K^~~~~~~~~~[m[K
[30.449s] [01m[K/home/aiguy/emergency-handling-plansys2/src/unload_box.cpp:58:43:[m[K [01;31m[Kerror: [m[Kno matching function for call to ‘[01m[Kmake_shared<<expression error> >()[m[K’
[30.449s]    58 |   auto node = [01;31m[Kstd::make_shared<MoveAction>()[m[K;
[30.449s]       |               [01;31m[K~~~~~~~~~~~~~~~~~~~~~~~~~~~~^~[m[K
[30.547s] [01m[K/home/aiguy/emergency-handling-plansys2/src/move_to_need.cpp:[m[K In function ‘[01m[Kint main(int, char**)[m[K’:
[30.547s] [01m[K/home/aiguy/emergency-handling-plansys2/src/move_to_need.cpp:58:32:[m[K [01;31m[Kerror: [m[K‘[01m[KMoveAction[m[K’ was not declared in this scope
[30.547s]    58 |   auto node = std::make_shared<[01;31m[KMoveAction[m[K>();
[30.547s]       |                                [01;31m[K^~~~~~~~~~[m[K
[30.547s] [01m[K/home/aiguy/emergency-handling-plansys2/src/move_to_need.cpp:58:43:[m[K [01;31m[Kerror: [m[Kno matching function for call to ‘[01m[Kmake_shared<<expression error> >()[m[K’
[30.547s]    58 |   auto node = [01;31m[Kstd::make_shared<MoveAction>()[m[K;
[30.547s]       |               [01;31m[K~~~~~~~~~~~~~~~~~~~~~~~~~~~~^~[m[K
[31.208s] [01m[K/home/aiguy/emergency-handling-plansys2/src/empty_box.cpp:28:3:[m[K [01;31m[Kerror: [m[KISO C++ forbids declaration of ‘[01m[KEmptyBox[m[K’ with no type [[01;31m[K]8;;https://gcc.gnu.org/onlinedocs/gcc/Warning-Options.html#index-fpermissive-fpermissive]8;;[m[K]
[31.209s]    28 |   [01;31m[KEmptyBox[m[K()
[31.209s]       |   [01;31m[K^~~~~~~~[m[K
[31.212s] [01m[K/home/aiguy/emergency-handling-plansys2/src/empty_box.cpp:[m[K In member function ‘[01m[Kint EmptyBoxAction::EmptyBox()[m[K’:
[31.212s] [01m[K/home/aiguy/emergency-handling-plansys2/src/empty_box.cpp:29:5:[m[K [01;31m[Kerror: [m[Konly constructors take member initializers
[31.212s]    29 |   : [01;31m[Kplansys2[m[K::ActionExecutorClient("empty_box", 250ms)
[31.212s]       |     [01;31m[K^~~~~~~~[m[K
[31.212s] [01m[K/home/aiguy/emergency-handling-plansys2/src/empty_box.cpp:32:3:[m[K [01;35m[Kwarning: [m[Kno return statement in function returning non-void [[01;35m[K]8;;https://gcc.gnu.org/onlinedocs/gcc/Warning-Options.html#index-Wreturn-type-Wreturn-type]8;;[m[K]
[31.212s]    32 |   [01;35m[K}[m[K
[31.212s]       |   [01;35m[K^[m[K
[31.213s] In file included from [01m[K/usr/include/c++/11/memory:77[m[K,
[31.213s]                  from [01m[K/home/aiguy/emergency-handling-plansys2/src/unload_box.cpp:15[m[K:
[31.213s] [01m[K/usr/include/c++/11/bits/shared_ptr.h:875:5:[m[K [01;36m[Knote: [m[Kcandidate: ‘[01m[Ktemplate<class _Tp, class ... _Args> std::shared_ptr<_Tp> std::make_shared(_Args&& ...)[m[K’
[31.213s]   875 |     [01;36m[Kmake_shared[m[K(_Args&&... __args)
[31.214s]       |     [01;36m[K^~~~~~~~~~~[m[K
[31.214s] In file included from [01m[K/usr/include/c++/11/memory:77[m[K,
[31.214s]                  from [01m[K/home/aiguy/emergency-handling-plansys2/src/fill.cpp:15[m[K:
[31.214s] [01m[K/usr/include/c++/11/bits/shared_ptr.h:875:5:[m[K [01;36m[Knote: [m[Kcandidate: ‘[01m[Ktemplate<class _Tp, class ... _Args> std::shared_ptr<_Tp> std::make_shared(_Args&& ...)[m[K’
[31.214s]   875 |     [01;36m[Kmake_shared[m[K(_Args&&... __args)
[31.214s]       |     [01;36m[K^~~~~~~~~~~[m[K
[31.214s] In file included from [01m[K/usr/include/c++/11/memory:77[m[K,
[31.214s]                  from [01m[K/home/aiguy/emergency-handling-plansys2/src/load_box.cpp:15[m[K:
[31.214s] [01m[K/usr/include/c++/11/bits/shared_ptr.h:875:5:[m[K [01;36m[Knote: [m[Kcandidate: ‘[01m[Ktemplate<class _Tp, class ... _Args> std::shared_ptr<_Tp> std::make_shared(_Args&& ...)[m[K’
[31.214s]   875 |     [01;36m[Kmake_shared[m[K(_Args&&... __args)
[31.214s]       |     [01;36m[K^~~~~~~~~~~[m[K
[31.214s] [01m[K/usr/include/c++/11/bits/shared_ptr.h:875:5:[m[K [01;36m[Knote: [m[K  template argument deduction/substitution failed:
[31.214s] [01m[K/usr/include/c++/11/bits/shared_ptr.h:875:5:[m[K [01;36m[Knote: [m[K  template argument deduction/substitution failed:
[31.214s] [01m[K/usr/include/c++/11/bits/shared_ptr.h:875:5:[m[K [01;36m[Knote: [m[K  template argument deduction/substitution failed:
[31.214s] [01m[K/home/aiguy/emergency-handling-plansys2/src/fill.cpp:58:43:[m[K [01;31m[Kerror: [m[Ktemplate argument 1 is invalid
[31.215s]    58 |   auto node = [01;31m[Kstd::make_shared<MoveAction>()[m[K;
[31.215s]       |               [01;31m[K~~~~~~~~~~~~~~~~~~~~~~~~~~~~^~[m[K
[31.215s] [01m[K/home/aiguy/emergency-handling-plansys2/src/unload_box.cpp:58:43:[m[K [01;31m[Kerror: [m[Ktemplate argument 1 is invalid
[31.215s]    58 |   auto node = [01;31m[Kstd::make_shared<MoveAction>()[m[K;
[31.215s]       |               [01;31m[K~~~~~~~~~~~~~~~~~~~~~~~~~~~~^~[m[K
[31.215s] [01m[K/home/aiguy/emergency-handling-plansys2/src/load_box.cpp:58:43:[m[K [01;31m[Kerror: [m[Ktemplate argument 1 is invalid
[31.215s]    58 |   auto node = [01;31m[Kstd::make_shared<MoveAction>()[m[K;
[31.215s]       |               [01;31m[K~~~~~~~~~~~~~~~~~~~~~~~~~~~~^~[m[K
[31.215s] In file included from [01m[K/usr/include/c++/11/memory:77[m[K,
[31.215s]                  from [01m[K/home/aiguy/emergency-handling-plansys2/src/move_to_need.cpp:15[m[K:
[31.215s] [01m[K/usr/include/c++/11/bits/shared_ptr.h:875:5:[m[K [01;36m[Knote: [m[Kcandidate: ‘[01m[Ktemplate<class _Tp, class ... _Args> std::shared_ptr<_Tp> std::make_shared(_Args&& ...)[m[K’
[31.215s]   875 |     [01;36m[Kmake_shared[m[K(_Args&&... __args)
[31.215s]       |     [01;36m[K^~~~~~~~~~~[m[K
[31.215s] [01m[K/usr/include/c++/11/bits/shared_ptr.h:875:5:[m[K [01;36m[Knote: [m[K  template argument deduction/substitution failed:
[31.216s] [01m[K/home/aiguy/emergency-handling-plansys2/src/move_to_need.cpp:58:43:[m[K [01;31m[Kerror: [m[Ktemplate argument 1 is invalid
[31.216s]    58 |   auto node = [01;31m[Kstd::make_shared<MoveAction>()[m[K;
[31.216s]       |               [01;31m[K~~~~~~~~~~~~~~~~~~~~~~~~~~~~^~[m[K
[31.219s] [01m[K/home/aiguy/emergency-handling-plansys2/src/empty_box.cpp:[m[K In function ‘[01m[Kint main(int, char**)[m[K’:
[31.219s] [01m[K/home/aiguy/emergency-handling-plansys2/src/empty_box.cpp:58:32:[m[K [01;31m[Kerror: [m[K‘[01m[KMoveAction[m[K’ was not declared in this scope
[31.219s]    58 |   auto node = std::make_shared<[01;31m[KMoveAction[m[K>();
[31.219s]       |                                [01;31m[K^~~~~~~~~~[m[K
[31.219s] [01m[K/home/aiguy/emergency-handling-plansys2/src/empty_box.cpp:58:43:[m[K [01;31m[Kerror: [m[Kno matching function for call to ‘[01m[Kmake_shared<<expression error> >()[m[K’
[31.219s]    58 |   auto node = [01;31m[Kstd::make_shared<MoveAction>()[m[K;
[31.219s]       |               [01;31m[K~~~~~~~~~~~~~~~~~~~~~~~~~~~~^~[m[K
[31.219s] In file included from [01m[K/usr/include/c++/11/memory:77[m[K,
[31.219s]                  from [01m[K/home/aiguy/emergency-handling-plansys2/src/empty_box.cpp:15[m[K:
[31.220s] [01m[K/usr/include/c++/11/bits/shared_ptr.h:875:5:[m[K [01;36m[Knote: [m[Kcandidate: ‘[01m[Ktemplate<class _Tp, class ... _Args> std::shared_ptr<_Tp> std::make_shared(_Args&& ...)[m[K’
[31.220s]   875 |     [01;36m[Kmake_shared[m[K(_Args&&... __args)
[31.220s]       |     [01;36m[K^~~~~~~~~~~[m[K
[31.220s] [01m[K/usr/include/c++/11/bits/shared_ptr.h:875:5:[m[K [01;36m[Knote: [m[K  template argument deduction/substitution failed:
[31.220s] [01m[K/home/aiguy/emergency-handling-plansys2/src/empty_box.cpp:58:43:[m[K [01;31m[Kerror: [m[Ktemplate argument 1 is invalid
[31.220s]    58 |   auto node = [01;31m[Kstd::make_shared<MoveAction>()[m[K;
[31.220s]       |               [01;31m[K~~~~~~~~~~~~~~~~~~~~~~~~~~~~^~[m[K
[33.709s] gmake[2]: *** [CMakeFiles/unload_box_node.dir/build.make:76: CMakeFiles/unload_box_node.dir/src/unload_box.cpp.o] Error 1
[33.711s] gmake[1]: *** [CMakeFiles/Makefile2:277: CMakeFiles/unload_box_node.dir/all] Error 2
[33.711s] gmake[1]: *** Waiting for unfinished jobs....
[33.712s] gmake[2]: *** [CMakeFiles/fill_node.dir/build.make:76: CMakeFiles/fill_node.dir/src/fill.cpp.o] Error 1
[33.712s] gmake[1]: *** [CMakeFiles/Makefile2:173: CMakeFiles/fill_node.dir/all] Error 2
[33.712s] gmake[2]: *** [CMakeFiles/load_box_node.dir/build.make:76: CMakeFiles/load_box_node.dir/src/load_box.cpp.o] Error 1
[33.712s] gmake[1]: *** [CMakeFiles/Makefile2:199: CMakeFiles/load_box_node.dir/all] Error 2
[33.713s] gmake[2]: *** [CMakeFiles/empty_box_node.dir/build.make:76: CMakeFiles/empty_box_node.dir/src/empty_box.cpp.o] Error 1
[33.713s] gmake[2]: *** [CMakeFiles/move_to_need_node.dir/build.make:76: CMakeFiles/move_to_need_node.dir/src/move_to_need.cpp.o] Error 1
[33.713s] gmake[1]: *** [CMakeFiles/Makefile2:147: CMakeFiles/empty_box_node.dir/all] Error 2
[33.715s] gmake[1]: *** [CMakeFiles/Makefile2:251: CMakeFiles/move_to_need_node.dir/all] Error 2
[34.252s] [ 58%] [32m[1mLinking CXX executable move_node[0m
[35.221s] [ 58%] Built target move_node
[35.222s] gmake: *** [Makefile:146: all] Error 2
[35.226s] Invoked command in '/home/aiguy/emergency-handling-plansys2/build/emergency-handling-plansys2' returned '2': CMAKE_PREFIX_PATH=/opt/ros/humble /usr/bin/cmake --build /home/aiguy/emergency-handling-plansys2/build/emergency-handling-plansys2 -- -j8 -l8
