[8.852s] DEBUG:colcon:Command line arguments: ['/usr/bin/colcon', 'build', '--symlink-install']
[8.852s] DEBUG:colcon:Parsed command line arguments: Namespace(log_base=None, log_level=None, verb_name='build', build_base='build', install_base='install', merge_install=False, symlink_install=True, test_result_base=None, continue_on_error=False, executor='parallel', parallel_workers=8, event_handlers=None, ignore_user_meta=False, metas=['./colcon.meta'], base_paths=['.'], packages_ignore=None, packages_ignore_regex=None, paths=None, packages_up_to=None, packages_up_to_regex=None, packages_above=None, packages_above_and_dependencies=None, packages_above_depth=None, packages_select_by_dep=None, packages_skip_by_dep=None, packages_skip_up_to=None, packages_select_build_failed=False, packages_skip_build_finished=False, packages_select_test_failures=False, packages_skip_test_passed=False, packages_select=None, packages_skip=None, packages_select_regex=None, packages_skip_regex=None, packages_start=None, packages_end=None, allow_overriding=[], cmake_args=None, cmake_target=None, cmake_target_skip_unavailable=False, cmake_clean_cache=False, cmake_clean_first=False, cmake_force_configure=False, ament_cmake_args=None, catkin_cmake_args=None, catkin_skip_building_tests=False, verb_parser=<colcon_defaults.argument_parser.defaults.DefaultArgumentsDecorator object at 0x7f460b914970>, verb_extension=<colcon_core.verb.build.BuildVerb object at 0x7f460c325d20>, main=<bound method BuildVerb.main of <colcon_core.verb.build.BuildVerb object at 0x7f460c325d20>>)
[9.359s] Level 1:colcon.colcon_core.package_discovery:discover_packages(colcon_meta) check parameters
[9.359s] Level 1:colcon.colcon_core.package_discovery:discover_packages(recursive) check parameters
[9.359s] Level 1:colcon.colcon_core.package_discovery:discover_packages(ignore) check parameters
[9.359s] Level 1:colcon.colcon_core.package_discovery:discover_packages(path) check parameters
[9.359s] Level 1:colcon.colcon_core.package_discovery:discover_packages(colcon_meta) discover
[9.359s] Level 1:colcon.colcon_core.package_discovery:discover_packages(recursive) discover
[9.359s] INFO:colcon.colcon_core.package_discovery:Crawling recursively for packages in '/home/aiguy/emergency-handling-plansys2'
[9.359s] Level 1:colcon.colcon_core.package_identification:_identify(.) by extensions ['ignore', 'ignore_ament_install']
[9.360s] Level 1:colcon.colcon_core.package_identification:_identify(.) by extension 'ignore'
[9.360s] Level 1:colcon.colcon_core.package_identification:_identify(.) by extension 'ignore_ament_install'
[9.360s] Level 1:colcon.colcon_core.package_identification:_identify(.) by extensions ['colcon_pkg']
[9.360s] Level 1:colcon.colcon_core.package_identification:_identify(.) by extension 'colcon_pkg'
[9.360s] Level 1:colcon.colcon_core.package_identification:_identify(.) by extensions ['colcon_meta']
[9.360s] Level 1:colcon.colcon_core.package_identification:_identify(.) by extension 'colcon_meta'
[9.360s] Level 1:colcon.colcon_core.package_identification:_identify(.) by extensions ['ros']
[9.360s] Level 1:colcon.colcon_core.package_identification:_identify(.) by extension 'ros'
[9.453s] DEBUG:colcon.colcon_core.package_identification:Package '.' with type 'ros.ament_cmake' and name 'emergency-handling-plansys2'
[9.453s] Level 1:colcon.colcon_core.package_discovery:discover_packages(recursive) using defaults
[9.453s] Level 1:colcon.colcon_core.package_discovery:discover_packages(ignore) discover
[9.453s] Level 1:colcon.colcon_core.package_discovery:discover_packages(ignore) using defaults
[9.453s] Level 1:colcon.colcon_core.package_discovery:discover_packages(path) discover
[9.453s] Level 1:colcon.colcon_core.package_discovery:discover_packages(path) using defaults
[9.652s] Level 1:colcon.colcon_core.package_discovery:discover_packages(prefix_path) check parameters
[9.652s] Level 1:colcon.colcon_core.package_discovery:discover_packages(prefix_path) discover
[9.662s] DEBUG:colcon.colcon_installed_package_information.package_discovery:Found 396 installed packages in /opt/ros/humble
[9.664s] Level 1:colcon.colcon_core.package_discovery:discover_packages(prefix_path) using defaults
[9.740s] Level 5:colcon.colcon_core.verb:set package 'emergency-handling-plansys2' build argument 'cmake_args' from command line to 'None'
[9.740s] Level 5:colcon.colcon_core.verb:set package 'emergency-handling-plansys2' build argument 'cmake_target' from command line to 'None'
[9.740s] Level 5:colcon.colcon_core.verb:set package 'emergency-handling-plansys2' build argument 'cmake_target_skip_unavailable' from command line to 'False'
[9.740s] Level 5:colcon.colcon_core.verb:set package 'emergency-handling-plansys2' build argument 'cmake_clean_cache' from command line to 'False'
[9.741s] Level 5:colcon.colcon_core.verb:set package 'emergency-handling-plansys2' build argument 'cmake_clean_first' from command line to 'False'
[9.741s] Level 5:colcon.colcon_core.verb:set package 'emergency-handling-plansys2' build argument 'cmake_force_configure' from command line to 'False'
[9.741s] Level 5:colcon.colcon_core.verb:set package 'emergency-handling-plansys2' build argument 'ament_cmake_args' from command line to 'None'
[9.741s] Level 5:colcon.colcon_core.verb:set package 'emergency-handling-plansys2' build argument 'catkin_cmake_args' from command line to 'None'
[9.741s] Level 5:colcon.colcon_core.verb:set package 'emergency-handling-plansys2' build argument 'catkin_skip_building_tests' from command line to 'False'
[9.741s] DEBUG:colcon.colcon_core.verb:Building package 'emergency-handling-plansys2' with the following arguments: {'ament_cmake_args': None, 'build_base': '/home/aiguy/emergency-handling-plansys2/build/emergency-handling-plansys2', 'catkin_cmake_args': None, 'catkin_skip_building_tests': False, 'cmake_args': None, 'cmake_clean_cache': False, 'cmake_clean_first': False, 'cmake_force_configure': False, 'cmake_target': None, 'cmake_target_skip_unavailable': False, 'install_base': '/home/aiguy/emergency-handling-plansys2/install/emergency-handling-plansys2', 'merge_install': False, 'path': '/home/aiguy/emergency-handling-plansys2', 'symlink_install': True, 'test_result_base': None}
[9.741s] INFO:colcon.colcon_core.executor:Executing jobs using 'parallel' executor
[9.745s] DEBUG:colcon.colcon_parallel_executor.executor.parallel:run_until_complete
[9.745s] INFO:colcon.colcon_ros.task.ament_cmake.build:Building ROS package in '/home/aiguy/emergency-handling-plansys2' with build type 'ament_cmake'
[9.745s] INFO:colcon.colcon_cmake.task.cmake.build:Building CMake package in '/home/aiguy/emergency-handling-plansys2'
[9.815s] INFO:colcon.colcon_core.plugin_system:Skipping extension 'colcon_core.shell.bat': Not used on non-Windows systems
[9.815s] INFO:colcon.colcon_core.shell:Skip shell extension 'powershell' for command environment: Not usable outside of PowerShell
[9.815s] DEBUG:colcon.colcon_core.shell:Skip shell extension 'dsv' for command environment
[9.883s] DEBUG:colcon.colcon_core.event_handler.log_command:Invoking command in '/home/aiguy/emergency-handling-plansys2/build/emergency-handling-plansys2': CMAKE_PREFIX_PATH=/opt/ros/humble /usr/bin/cmake --build /home/aiguy/emergency-handling-plansys2/build/emergency-handling-plansys2 -- -j8 -l8
[12.292s] DEBUG:colcon.colcon_core.event_handler.log_command:Invoked command in '/home/aiguy/emergency-handling-plansys2/build/emergency-handling-plansys2' returned '0': CMAKE_PREFIX_PATH=/opt/ros/humble /usr/bin/cmake --build /home/aiguy/emergency-handling-plansys2/build/emergency-handling-plansys2 -- -j8 -l8
[12.452s] DEBUG:colcon.colcon_core.event_handler.log_command:Invoking command in '/home/aiguy/emergency-handling-plansys2/build/emergency-handling-plansys2': CMAKE_PREFIX_PATH=/opt/ros/humble /usr/bin/cmake --install /home/aiguy/emergency-handling-plansys2/build/emergency-handling-plansys2
[12.640s] Level 1:colcon.colcon_core.environment:create_environment_scripts_only(emergency-handling-plansys2)
[12.643s] DEBUG:colcon.colcon_core.event_handler.log_command:Invoked command in '/home/aiguy/emergency-handling-plansys2/build/emergency-handling-plansys2' returned '0': CMAKE_PREFIX_PATH=/opt/ros/humble /usr/bin/cmake --install /home/aiguy/emergency-handling-plansys2/build/emergency-handling-plansys2
[12.793s] Level 1:colcon.colcon_core.environment:checking '/home/aiguy/emergency-handling-plansys2/install/emergency-handling-plansys2' for CMake module files
[12.794s] Level 1:colcon.colcon_core.environment:checking '/home/aiguy/emergency-handling-plansys2/install/emergency-handling-plansys2' for CMake config files
[12.796s] Level 1:colcon.colcon_core.shell:create_environment_hook('emergency-handling-plansys2', 'cmake_prefix_path')
[12.797s] INFO:colcon.colcon_core.shell:Creating environment hook '/home/aiguy/emergency-handling-plansys2/install/emergency-handling-plansys2/share/emergency-handling-plansys2/hook/cmake_prefix_path.ps1'
[12.816s] INFO:colcon.colcon_core.shell:Creating environment descriptor '/home/aiguy/emergency-handling-plansys2/install/emergency-handling-plansys2/share/emergency-handling-plansys2/hook/cmake_prefix_path.dsv'
[12.828s] INFO:colcon.colcon_core.shell:Creating environment hook '/home/aiguy/emergency-handling-plansys2/install/emergency-handling-plansys2/share/emergency-handling-plansys2/hook/cmake_prefix_path.sh'
[12.830s] Level 1:colcon.colcon_core.environment:checking '/home/aiguy/emergency-handling-plansys2/install/emergency-handling-plansys2/lib'
[12.830s] Level 1:colcon.colcon_core.environment:checking '/home/aiguy/emergency-handling-plansys2/install/emergency-handling-plansys2/bin'
[12.830s] Level 1:colcon.colcon_core.environment:checking '/home/aiguy/emergency-handling-plansys2/install/emergency-handling-plansys2/lib/pkgconfig/emergency-handling-plansys2.pc'
[12.830s] Level 1:colcon.colcon_core.environment:checking '/home/aiguy/emergency-handling-plansys2/install/emergency-handling-plansys2/lib/python3.10/site-packages'
[12.830s] Level 1:colcon.colcon_core.environment:checking '/home/aiguy/emergency-handling-plansys2/install/emergency-handling-plansys2/bin'
[12.831s] INFO:colcon.colcon_core.shell:Creating package script '/home/aiguy/emergency-handling-plansys2/install/emergency-handling-plansys2/share/emergency-handling-plansys2/package.ps1'
[12.833s] INFO:colcon.colcon_core.shell:Creating package descriptor '/home/aiguy/emergency-handling-plansys2/install/emergency-handling-plansys2/share/emergency-handling-plansys2/package.dsv'
[12.835s] INFO:colcon.colcon_core.shell:Creating package script '/home/aiguy/emergency-handling-plansys2/install/emergency-handling-plansys2/share/emergency-handling-plansys2/package.sh'
[12.837s] INFO:colcon.colcon_core.shell:Creating package script '/home/aiguy/emergency-handling-plansys2/install/emergency-handling-plansys2/share/emergency-handling-plansys2/package.bash'
[12.849s] INFO:colcon.colcon_core.shell:Creating package script '/home/aiguy/emergency-handling-plansys2/install/emergency-handling-plansys2/share/emergency-handling-plansys2/package.zsh'
[12.858s] Level 1:colcon.colcon_core.environment:create_file_with_runtime_dependencies(/home/aiguy/emergency-handling-plansys2/install/emergency-handling-plansys2/share/colcon-core/packages/emergency-handling-plansys2)
[13.005s] Level 1:colcon.colcon_core.environment:create_environment_scripts_only(emergency-handling-plansys2)
[13.007s] Level 1:colcon.colcon_core.environment:checking '/home/aiguy/emergency-handling-plansys2/install/emergency-handling-plansys2' for CMake module files
[13.007s] Level 1:colcon.colcon_core.environment:checking '/home/aiguy/emergency-handling-plansys2/install/emergency-handling-plansys2' for CMake config files
[13.008s] Level 1:colcon.colcon_core.shell:create_environment_hook('emergency-handling-plansys2', 'cmake_prefix_path')
[13.009s] INFO:colcon.colcon_core.shell:Creating environment hook '/home/aiguy/emergency-handling-plansys2/install/emergency-handling-plansys2/share/emergency-handling-plansys2/hook/cmake_prefix_path.ps1'
[13.010s] INFO:colcon.colcon_core.shell:Creating environment descriptor '/home/aiguy/emergency-handling-plansys2/install/emergency-handling-plansys2/share/emergency-handling-plansys2/hook/cmake_prefix_path.dsv'
[13.011s] INFO:colcon.colcon_core.shell:Creating environment hook '/home/aiguy/emergency-handling-plansys2/install/emergency-handling-plansys2/share/emergency-handling-plansys2/hook/cmake_prefix_path.sh'
[13.011s] Level 1:colcon.colcon_core.environment:checking '/home/aiguy/emergency-handling-plansys2/install/emergency-handling-plansys2/lib'
[13.011s] Level 1:colcon.colcon_core.environment:checking '/home/aiguy/emergency-handling-plansys2/install/emergency-handling-plansys2/bin'
[13.011s] Level 1:colcon.colcon_core.environment:checking '/home/aiguy/emergency-handling-plansys2/install/emergency-handling-plansys2/lib/pkgconfig/emergency-handling-plansys2.pc'
[13.012s] Level 1:colcon.colcon_core.environment:checking '/home/aiguy/emergency-handling-plansys2/install/emergency-handling-plansys2/lib/python3.10/site-packages'
[13.012s] Level 1:colcon.colcon_core.environment:checking '/home/aiguy/emergency-handling-plansys2/install/emergency-handling-plansys2/bin'
[13.013s] INFO:colcon.colcon_core.shell:Creating package script '/home/aiguy/emergency-handling-plansys2/install/emergency-handling-plansys2/share/emergency-handling-plansys2/package.ps1'
[13.013s] INFO:colcon.colcon_core.shell:Creating package descriptor '/home/aiguy/emergency-handling-plansys2/install/emergency-handling-plansys2/share/emergency-handling-plansys2/package.dsv'
[13.014s] INFO:colcon.colcon_core.shell:Creating package script '/home/aiguy/emergency-handling-plansys2/install/emergency-handling-plansys2/share/emergency-handling-plansys2/package.sh'
[13.014s] INFO:colcon.colcon_core.shell:Creating package script '/home/aiguy/emergency-handling-plansys2/install/emergency-handling-plansys2/share/emergency-handling-plansys2/package.bash'
[13.014s] INFO:colcon.colcon_core.shell:Creating package script '/home/aiguy/emergency-handling-plansys2/install/emergency-handling-plansys2/share/emergency-handling-plansys2/package.zsh'
[13.015s] Level 1:colcon.colcon_core.environment:create_file_with_runtime_dependencies(/home/aiguy/emergency-handling-plansys2/install/emergency-handling-plansys2/share/colcon-core/packages/emergency-handling-plansys2)
[13.015s] DEBUG:colcon.colcon_parallel_executor.executor.parallel:closing loop
[13.018s] DEBUG:colcon.colcon_parallel_executor.executor.parallel:loop closed
[13.019s] DEBUG:colcon.colcon_parallel_executor.executor.parallel:run_until_complete finished with '0'
[13.020s] DEBUG:colcon.colcon_core.event_reactor:joining thread
[13.040s] INFO:colcon.colcon_core.plugin_system:Skipping extension 'colcon_notification.desktop_notification.terminal_notifier': Not used on non-Darwin systems
[13.040s] INFO:colcon.colcon_core.plugin_system:Skipping extension 'colcon_notification.desktop_notification.win32': Not used on non-Windows systems
[13.040s] INFO:colcon.colcon_notification.desktop_notification:Sending desktop notification using 'notify2'
[13.131s] DEBUG:colcon.colcon_core.event_reactor:joined thread
[13.133s] INFO:colcon.colcon_core.shell:Creating prefix script '/home/aiguy/emergency-handling-plansys2/install/local_setup.ps1'
[13.152s] INFO:colcon.colcon_core.shell:Creating prefix util module '/home/aiguy/emergency-handling-plansys2/install/_local_setup_util_ps1.py'
[13.155s] INFO:colcon.colcon_core.shell:Creating prefix chain script '/home/aiguy/emergency-handling-plansys2/install/setup.ps1'
[13.158s] INFO:colcon.colcon_core.shell:Creating prefix script '/home/aiguy/emergency-handling-plansys2/install/local_setup.sh'
[13.160s] INFO:colcon.colcon_core.shell:Creating prefix util module '/home/aiguy/emergency-handling-plansys2/install/_local_setup_util_sh.py'
[13.160s] INFO:colcon.colcon_core.shell:Creating prefix chain script '/home/aiguy/emergency-handling-plansys2/install/setup.sh'
[13.165s] INFO:colcon.colcon_core.shell:Creating prefix script '/home/aiguy/emergency-handling-plansys2/install/local_setup.bash'
[13.169s] INFO:colcon.colcon_core.shell:Creating prefix chain script '/home/aiguy/emergency-handling-plansys2/install/setup.bash'
[13.175s] INFO:colcon.colcon_core.shell:Creating prefix script '/home/aiguy/emergency-handling-plansys2/install/local_setup.zsh'
[13.189s] INFO:colcon.colcon_core.shell:Creating prefix chain script '/home/aiguy/emergency-handling-plansys2/install/setup.zsh'
