[8.972s] DEBUG:colcon:Command line arguments: ['/usr/bin/colcon', 'build', '--symlink-install']
[8.972s] DEBUG:colcon:Parsed command line arguments: Namespace(log_base=None, log_level=None, verb_name='build', build_base='build', install_base='install', merge_install=False, symlink_install=True, test_result_base=None, continue_on_error=False, executor='parallel', parallel_workers=8, event_handlers=None, ignore_user_meta=False, metas=['./colcon.meta'], base_paths=['.'], packages_ignore=None, packages_ignore_regex=None, paths=None, packages_up_to=None, packages_up_to_regex=None, packages_above=None, packages_above_and_dependencies=None, packages_above_depth=None, packages_select_by_dep=None, packages_skip_by_dep=None, packages_skip_up_to=None, packages_select_build_failed=False, packages_skip_build_finished=False, packages_select_test_failures=False, packages_skip_test_passed=False, packages_select=None, packages_skip=None, packages_select_regex=None, packages_skip_regex=None, packages_start=None, packages_end=None, allow_overriding=[], cmake_args=None, cmake_target=None, cmake_target_skip_unavailable=False, cmake_clean_cache=False, cmake_clean_first=False, cmake_force_configure=False, ament_cmake_args=None, catkin_cmake_args=None, catkin_skip_building_tests=False, verb_parser=<colcon_defaults.argument_parser.defaults.DefaultArgumentsDecorator object at 0x7f20b71c7cd0>, verb_extension=<colcon_core.verb.build.BuildVerb object at 0x7f20b79a9300>, main=<bound method BuildVerb.main of <colcon_core.verb.build.BuildVerb object at 0x7f20b79a9300>>)
[9.450s] Level 1:colcon.colcon_core.package_discovery:discover_packages(colcon_meta) check parameters
[9.450s] Level 1:colcon.colcon_core.package_discovery:discover_packages(recursive) check parameters
[9.450s] Level 1:colcon.colcon_core.package_discovery:discover_packages(ignore) check parameters
[9.450s] Level 1:colcon.colcon_core.package_discovery:discover_packages(path) check parameters
[9.450s] Level 1:colcon.colcon_core.package_discovery:discover_packages(colcon_meta) discover
[9.451s] Level 1:colcon.colcon_core.package_discovery:discover_packages(recursive) discover
[9.451s] INFO:colcon.colcon_core.package_discovery:Crawling recursively for packages in '/home/aiguy/emergency-handling-plansys2'
[9.451s] Level 1:colcon.colcon_core.package_identification:_identify(.) by extensions ['ignore', 'ignore_ament_install']
[9.451s] Level 1:colcon.colcon_core.package_identification:_identify(.) by extension 'ignore'
[9.452s] Level 1:colcon.colcon_core.package_identification:_identify(.) by extension 'ignore_ament_install'
[9.452s] Level 1:colcon.colcon_core.package_identification:_identify(.) by extensions ['colcon_pkg']
[9.452s] Level 1:colcon.colcon_core.package_identification:_identify(.) by extension 'colcon_pkg'
[9.452s] Level 1:colcon.colcon_core.package_identification:_identify(.) by extensions ['colcon_meta']
[9.452s] Level 1:colcon.colcon_core.package_identification:_identify(.) by extension 'colcon_meta'
[9.452s] Level 1:colcon.colcon_core.package_identification:_identify(.) by extensions ['ros']
[9.452s] Level 1:colcon.colcon_core.package_identification:_identify(.) by extension 'ros'
[9.538s] DEBUG:colcon.colcon_core.package_identification:Package '.' with type 'ros.ament_cmake' and name 'emergency-handling-plansys2'
[9.538s] Level 1:colcon.colcon_core.package_discovery:discover_packages(recursive) using defaults
[9.538s] Level 1:colcon.colcon_core.package_discovery:discover_packages(ignore) discover
[9.538s] Level 1:colcon.colcon_core.package_discovery:discover_packages(ignore) using defaults
[9.538s] Level 1:colcon.colcon_core.package_discovery:discover_packages(path) discover
[9.538s] Level 1:colcon.colcon_core.package_discovery:discover_packages(path) using defaults
[9.880s] Level 1:colcon.colcon_core.package_discovery:discover_packages(prefix_path) check parameters
[9.880s] Level 1:colcon.colcon_core.package_discovery:discover_packages(prefix_path) discover
[9.891s] DEBUG:colcon.colcon_installed_package_information.package_discovery:Found 396 installed packages in /opt/ros/humble
[9.893s] Level 1:colcon.colcon_core.package_discovery:discover_packages(prefix_path) using defaults
[9.978s] Level 5:colcon.colcon_core.verb:set package 'emergency-handling-plansys2' build argument 'cmake_args' from command line to 'None'
[9.978s] Level 5:colcon.colcon_core.verb:set package 'emergency-handling-plansys2' build argument 'cmake_target' from command line to 'None'
[9.978s] Level 5:colcon.colcon_core.verb:set package 'emergency-handling-plansys2' build argument 'cmake_target_skip_unavailable' from command line to 'False'
[9.978s] Level 5:colcon.colcon_core.verb:set package 'emergency-handling-plansys2' build argument 'cmake_clean_cache' from command line to 'False'
[9.978s] Level 5:colcon.colcon_core.verb:set package 'emergency-handling-plansys2' build argument 'cmake_clean_first' from command line to 'False'
[9.979s] Level 5:colcon.colcon_core.verb:set package 'emergency-handling-plansys2' build argument 'cmake_force_configure' from command line to 'False'
[9.979s] Level 5:colcon.colcon_core.verb:set package 'emergency-handling-plansys2' build argument 'ament_cmake_args' from command line to 'None'
[9.979s] Level 5:colcon.colcon_core.verb:set package 'emergency-handling-plansys2' build argument 'catkin_cmake_args' from command line to 'None'
[9.979s] Level 5:colcon.colcon_core.verb:set package 'emergency-handling-plansys2' build argument 'catkin_skip_building_tests' from command line to 'False'
[9.979s] DEBUG:colcon.colcon_core.verb:Building package 'emergency-handling-plansys2' with the following arguments: {'ament_cmake_args': None, 'build_base': '/home/aiguy/emergency-handling-plansys2/build/emergency-handling-plansys2', 'catkin_cmake_args': None, 'catkin_skip_building_tests': False, 'cmake_args': None, 'cmake_clean_cache': False, 'cmake_clean_first': False, 'cmake_force_configure': False, 'cmake_target': None, 'cmake_target_skip_unavailable': False, 'install_base': '/home/aiguy/emergency-handling-plansys2/install/emergency-handling-plansys2', 'merge_install': False, 'path': '/home/aiguy/emergency-handling-plansys2', 'symlink_install': True, 'test_result_base': None}
[9.980s] INFO:colcon.colcon_core.executor:Executing jobs using 'parallel' executor
[9.984s] DEBUG:colcon.colcon_parallel_executor.executor.parallel:run_until_complete
[9.984s] INFO:colcon.colcon_ros.task.ament_cmake.build:Building ROS package in '/home/aiguy/emergency-handling-plansys2' with build type 'ament_cmake'
[9.984s] INFO:colcon.colcon_cmake.task.cmake.build:Building CMake package in '/home/aiguy/emergency-handling-plansys2'
[10.048s] INFO:colcon.colcon_core.plugin_system:Skipping extension 'colcon_core.shell.bat': Not used on non-Windows systems
[10.048s] INFO:colcon.colcon_core.shell:Skip shell extension 'powershell' for command environment: Not usable outside of PowerShell
[10.048s] DEBUG:colcon.colcon_core.shell:Skip shell extension 'dsv' for command environment
[10.116s] DEBUG:colcon.colcon_core.event_handler.log_command:Invoking command in '/home/aiguy/emergency-handling-plansys2/build/emergency-handling-plansys2': CMAKE_PREFIX_PATH=/opt/ros/humble /usr/bin/cmake --build /home/aiguy/emergency-handling-plansys2/build/emergency-handling-plansys2 -- -j8 -l8
[12.088s] DEBUG:colcon.colcon_core.event_handler.log_command:Invoked command in '/home/aiguy/emergency-handling-plansys2/build/emergency-handling-plansys2' returned '0': CMAKE_PREFIX_PATH=/opt/ros/humble /usr/bin/cmake --build /home/aiguy/emergency-handling-plansys2/build/emergency-handling-plansys2 -- -j8 -l8
[12.208s] DEBUG:colcon.colcon_core.event_handler.log_command:Invoking command in '/home/aiguy/emergency-handling-plansys2/build/emergency-handling-plansys2': CMAKE_PREFIX_PATH=/opt/ros/humble /usr/bin/cmake --install /home/aiguy/emergency-handling-plansys2/build/emergency-handling-plansys2
[12.411s] Level 1:colcon.colcon_core.environment:create_environment_scripts_only(emergency-handling-plansys2)
[12.412s] DEBUG:colcon.colcon_core.event_handler.log_command:Invoked command in '/home/aiguy/emergency-handling-plansys2/build/emergency-handling-plansys2' returned '0': CMAKE_PREFIX_PATH=/opt/ros/humble /usr/bin/cmake --install /home/aiguy/emergency-handling-plansys2/build/emergency-handling-plansys2
[12.547s] Level 1:colcon.colcon_core.environment:checking '/home/aiguy/emergency-handling-plansys2/install/emergency-handling-plansys2' for CMake module files
[12.548s] Level 1:colcon.colcon_core.environment:checking '/home/aiguy/emergency-handling-plansys2/install/emergency-handling-plansys2' for CMake config files
[12.550s] Level 1:colcon.colcon_core.shell:create_environment_hook('emergency-handling-plansys2', 'cmake_prefix_path')
[12.551s] INFO:colcon.colcon_core.shell:Creating environment hook '/home/aiguy/emergency-handling-plansys2/install/emergency-handling-plansys2/share/emergency-handling-plansys2/hook/cmake_prefix_path.ps1'
[12.566s] INFO:colcon.colcon_core.shell:Creating environment descriptor '/home/aiguy/emergency-handling-plansys2/install/emergency-handling-plansys2/share/emergency-handling-plansys2/hook/cmake_prefix_path.dsv'
[12.578s] INFO:colcon.colcon_core.shell:Creating environment hook '/home/aiguy/emergency-handling-plansys2/install/emergency-handling-plansys2/share/emergency-handling-plansys2/hook/cmake_prefix_path.sh'
[12.580s] Level 1:colcon.colcon_core.environment:checking '/home/aiguy/emergency-handling-plansys2/install/emergency-handling-plansys2/lib'
[12.580s] Level 1:colcon.colcon_core.environment:checking '/home/aiguy/emergency-handling-plansys2/install/emergency-handling-plansys2/bin'
[12.580s] Level 1:colcon.colcon_core.environment:checking '/home/aiguy/emergency-handling-plansys2/install/emergency-handling-plansys2/lib/pkgconfig/emergency-handling-plansys2.pc'
[12.580s] Level 1:colcon.colcon_core.environment:checking '/home/aiguy/emergency-handling-plansys2/install/emergency-handling-plansys2/lib/python3.10/site-packages'
[12.581s] Level 1:colcon.colcon_core.environment:checking '/home/aiguy/emergency-handling-plansys2/install/emergency-handling-plansys2/bin'
[12.582s] INFO:colcon.colcon_core.shell:Creating package script '/home/aiguy/emergency-handling-plansys2/install/emergency-handling-plansys2/share/emergency-handling-plansys2/package.ps1'
[12.584s] INFO:colcon.colcon_core.shell:Creating package descriptor '/home/aiguy/emergency-handling-plansys2/install/emergency-handling-plansys2/share/emergency-handling-plansys2/package.dsv'
[12.586s] INFO:colcon.colcon_core.shell:Creating package script '/home/aiguy/emergency-handling-plansys2/install/emergency-handling-plansys2/share/emergency-handling-plansys2/package.sh'
[12.588s] INFO:colcon.colcon_core.shell:Creating package script '/home/aiguy/emergency-handling-plansys2/install/emergency-handling-plansys2/share/emergency-handling-plansys2/package.bash'
[12.606s] INFO:colcon.colcon_core.shell:Creating package script '/home/aiguy/emergency-handling-plansys2/install/emergency-handling-plansys2/share/emergency-handling-plansys2/package.zsh'
[12.609s] Level 1:colcon.colcon_core.environment:create_file_with_runtime_dependencies(/home/aiguy/emergency-handling-plansys2/install/emergency-handling-plansys2/share/colcon-core/packages/emergency-handling-plansys2)
[12.734s] Level 1:colcon.colcon_core.environment:create_environment_scripts_only(emergency-handling-plansys2)
[12.738s] Level 1:colcon.colcon_core.environment:checking '/home/aiguy/emergency-handling-plansys2/install/emergency-handling-plansys2' for CMake module files
[12.738s] Level 1:colcon.colcon_core.environment:checking '/home/aiguy/emergency-handling-plansys2/install/emergency-handling-plansys2' for CMake config files
[12.739s] Level 1:colcon.colcon_core.shell:create_environment_hook('emergency-handling-plansys2', 'cmake_prefix_path')
[12.740s] INFO:colcon.colcon_core.shell:Creating environment hook '/home/aiguy/emergency-handling-plansys2/install/emergency-handling-plansys2/share/emergency-handling-plansys2/hook/cmake_prefix_path.ps1'
[12.741s] INFO:colcon.colcon_core.shell:Creating environment descriptor '/home/aiguy/emergency-handling-plansys2/install/emergency-handling-plansys2/share/emergency-handling-plansys2/hook/cmake_prefix_path.dsv'
[12.743s] INFO:colcon.colcon_core.shell:Creating environment hook '/home/aiguy/emergency-handling-plansys2/install/emergency-handling-plansys2/share/emergency-handling-plansys2/hook/cmake_prefix_path.sh'
[12.743s] Level 1:colcon.colcon_core.environment:checking '/home/aiguy/emergency-handling-plansys2/install/emergency-handling-plansys2/lib'
[12.744s] Level 1:colcon.colcon_core.environment:checking '/home/aiguy/emergency-handling-plansys2/install/emergency-handling-plansys2/bin'
[12.744s] Level 1:colcon.colcon_core.environment:checking '/home/aiguy/emergency-handling-plansys2/install/emergency-handling-plansys2/lib/pkgconfig/emergency-handling-plansys2.pc'
[12.744s] Level 1:colcon.colcon_core.environment:checking '/home/aiguy/emergency-handling-plansys2/install/emergency-handling-plansys2/lib/python3.10/site-packages'
[12.744s] Level 1:colcon.colcon_core.environment:checking '/home/aiguy/emergency-handling-plansys2/install/emergency-handling-plansys2/bin'
[12.745s] INFO:colcon.colcon_core.shell:Creating package script '/home/aiguy/emergency-handling-plansys2/install/emergency-handling-plansys2/share/emergency-handling-plansys2/package.ps1'
[12.746s] INFO:colcon.colcon_core.shell:Creating package descriptor '/home/aiguy/emergency-handling-plansys2/install/emergency-handling-plansys2/share/emergency-handling-plansys2/package.dsv'
[12.747s] INFO:colcon.colcon_core.shell:Creating package script '/home/aiguy/emergency-handling-plansys2/install/emergency-handling-plansys2/share/emergency-handling-plansys2/package.sh'
[12.747s] INFO:colcon.colcon_core.shell:Creating package script '/home/aiguy/emergency-handling-plansys2/install/emergency-handling-plansys2/share/emergency-handling-plansys2/package.bash'
[12.748s] INFO:colcon.colcon_core.shell:Creating package script '/home/aiguy/emergency-handling-plansys2/install/emergency-handling-plansys2/share/emergency-handling-plansys2/package.zsh'
[12.748s] Level 1:colcon.colcon_core.environment:create_file_with_runtime_dependencies(/home/aiguy/emergency-handling-plansys2/install/emergency-handling-plansys2/share/colcon-core/packages/emergency-handling-plansys2)
[12.751s] DEBUG:colcon.colcon_parallel_executor.executor.parallel:closing loop
[12.751s] DEBUG:colcon.colcon_parallel_executor.executor.parallel:loop closed
[12.752s] DEBUG:colcon.colcon_parallel_executor.executor.parallel:run_until_complete finished with '0'
[12.752s] DEBUG:colcon.colcon_core.event_reactor:joining thread
[12.776s] INFO:colcon.colcon_core.plugin_system:Skipping extension 'colcon_notification.desktop_notification.terminal_notifier': Not used on non-Darwin systems
[12.776s] INFO:colcon.colcon_core.plugin_system:Skipping extension 'colcon_notification.desktop_notification.win32': Not used on non-Windows systems
[12.776s] INFO:colcon.colcon_notification.desktop_notification:Sending desktop notification using 'notify2'
[12.815s] DEBUG:colcon.colcon_core.event_reactor:joined thread
[12.816s] INFO:colcon.colcon_core.shell:Creating prefix script '/home/aiguy/emergency-handling-plansys2/install/local_setup.ps1'
[12.851s] INFO:colcon.colcon_core.shell:Creating prefix util module '/home/aiguy/emergency-handling-plansys2/install/_local_setup_util_ps1.py'
[12.868s] INFO:colcon.colcon_core.shell:Creating prefix chain script '/home/aiguy/emergency-handling-plansys2/install/setup.ps1'
[12.875s] INFO:colcon.colcon_core.shell:Creating prefix script '/home/aiguy/emergency-handling-plansys2/install/local_setup.sh'
[12.877s] INFO:colcon.colcon_core.shell:Creating prefix util module '/home/aiguy/emergency-handling-plansys2/install/_local_setup_util_sh.py'
[12.879s] INFO:colcon.colcon_core.shell:Creating prefix chain script '/home/aiguy/emergency-handling-plansys2/install/setup.sh'
[12.884s] INFO:colcon.colcon_core.shell:Creating prefix script '/home/aiguy/emergency-handling-plansys2/install/local_setup.bash'
[12.888s] INFO:colcon.colcon_core.shell:Creating prefix chain script '/home/aiguy/emergency-handling-plansys2/install/setup.bash'
[12.892s] INFO:colcon.colcon_core.shell:Creating prefix script '/home/aiguy/emergency-handling-plansys2/install/local_setup.zsh'
[12.896s] INFO:colcon.colcon_core.shell:Creating prefix chain script '/home/aiguy/emergency-handling-plansys2/install/setup.zsh'
