[0.164s] Invoking command in '/home/aiguy/emergency-handling-plansys2/build/emergency-handling-plansys2': CMAKE_PREFIX_PATH=${CMAKE_PREFIX_PATH}:/opt/ros/humble /usr/bin/cmake --build /home/aiguy/emergency-handling-plansys2/build/emergency-handling-plansys2 -- -j8 -l8
[2.212s] [ 16%] Built target move_node
[2.212s] [ 33%] Built target load_box_node
[2.220s] [ 58%] Built target empty_box_node
[2.220s] [ 66%] Built target unload_box_node
[2.230s] [ 83%] Built target fill_node
[2.230s] [100%] Built target move_to_need_node
[2.252s] Invoked command in '/home/aiguy/emergency-handling-plansys2/build/emergency-handling-plansys2' returned '0': CMAKE_PREFIX_PATH=${CMAKE_PREFIX_PATH}:/opt/ros/humble /usr/bin/cmake --build /home/aiguy/emergency-handling-plansys2/build/emergency-handling-plansys2 -- -j8 -l8
[2.411s] Invoking command in '/home/aiguy/emergency-handling-plansys2/build/emergency-handling-plansys2': CMAKE_PREFIX_PATH=${CMAKE_PREFIX_PATH}:/opt/ros/humble /usr/bin/cmake --install /home/aiguy/emergency-handling-plansys2/build/emergency-handling-plansys2
[2.471s] -- Install configuration: ""
[2.507s] -- Execute custom install script
[2.507s] -- Up-to-date symlink: /home/aiguy/emergency-handling-plansys2/install/emergency-handling-plansys2/share/emergency-handling-plansys2/launch/commands
[2.508s] -- Up-to-date symlink: /home/aiguy/emergency-handling-plansys2/install/emergency-handling-plansys2/share/emergency-handling-plansys2/launch/emergency-handling-plansys2_launch.py
[2.508s] -- Up-to-date symlink: /home/aiguy/emergency-handling-plansys2/install/emergency-handling-plansys2/share/emergency-handling-plansys2/pddl/domain.pddl
[2.508s] -- Symlinking: /home/aiguy/emergency-handling-plansys2/install/emergency-handling-plansys2/share/emergency-handling-plansys2/pddl/other
[2.520s] -- Up-to-date symlink: /home/aiguy/emergency-handling-plansys2/install/emergency-handling-plansys2/share/emergency-handling-plansys2/pddl/tmp
[2.524s] -- Up-to-date symlink: /home/aiguy/emergency-handling-plansys2/install/emergency-handling-plansys2/lib/emergency-handling-plansys2/empty_box_node
[2.524s] -- Up-to-date symlink: /home/aiguy/emergency-handling-plansys2/install/emergency-handling-plansys2/lib/emergency-handling-plansys2/fill_node
[2.524s] -- Up-to-date symlink: /home/aiguy/emergency-handling-plansys2/install/emergency-handling-plansys2/lib/emergency-handling-plansys2/load_box_node
[2.524s] -- Up-to-date symlink: /home/aiguy/emergency-handling-plansys2/install/emergency-handling-plansys2/lib/emergency-handling-plansys2/move_node
[2.525s] -- Up-to-date symlink: /home/aiguy/emergency-handling-plansys2/install/emergency-handling-plansys2/lib/emergency-handling-plansys2/move_to_need_node
[2.525s] -- Up-to-date symlink: /home/aiguy/emergency-handling-plansys2/install/emergency-handling-plansys2/lib/emergency-handling-plansys2/unload_box_node
[2.525s] -- Up-to-date symlink: /home/aiguy/emergency-handling-plansys2/install/emergency-handling-plansys2/share/ament_index/resource_index/package_run_dependencies/emergency-handling-plansys2
[2.545s] -- Up-to-date symlink: /home/aiguy/emergency-handling-plansys2/install/emergency-handling-plansys2/share/ament_index/resource_index/parent_prefix_path/emergency-handling-plansys2
[2.548s] -- Up-to-date symlink: /home/aiguy/emergency-handling-plansys2/install/emergency-handling-plansys2/share/emergency-handling-plansys2/environment/ament_prefix_path.sh
[2.550s] -- Up-to-date symlink: /home/aiguy/emergency-handling-plansys2/install/emergency-handling-plansys2/share/emergency-handling-plansys2/environment/ament_prefix_path.dsv
[2.551s] -- Up-to-date symlink: /home/aiguy/emergency-handling-plansys2/install/emergency-handling-plansys2/share/emergency-handling-plansys2/environment/path.sh
[2.551s] -- Up-to-date symlink: /home/aiguy/emergency-handling-plansys2/install/emergency-handling-plansys2/share/emergency-handling-plansys2/environment/path.dsv
[2.551s] -- Up-to-date symlink: /home/aiguy/emergency-handling-plansys2/install/emergency-handling-plansys2/share/emergency-handling-plansys2/local_setup.bash
[2.551s] -- Up-to-date symlink: /home/aiguy/emergency-handling-plansys2/install/emergency-handling-plansys2/share/emergency-handling-plansys2/local_setup.sh
[2.552s] -- Up-to-date symlink: /home/aiguy/emergency-handling-plansys2/install/emergency-handling-plansys2/share/emergency-handling-plansys2/local_setup.zsh
[2.552s] -- Up-to-date symlink: /home/aiguy/emergency-handling-plansys2/install/emergency-handling-plansys2/share/emergency-handling-plansys2/local_setup.dsv
[2.552s] -- Symlinking: /home/aiguy/emergency-handling-plansys2/install/emergency-handling-plansys2/share/emergency-handling-plansys2/package.dsv
[2.570s] -- Up-to-date symlink: /home/aiguy/emergency-handling-plansys2/install/emergency-handling-plansys2/share/ament_index/resource_index/packages/emergency-handling-plansys2
[2.571s] -- Up-to-date symlink: /home/aiguy/emergency-handling-plansys2/install/emergency-handling-plansys2/share/emergency-handling-plansys2/cmake/ament_cmake_export_dependencies-extras.cmake
[2.571s] -- Up-to-date symlink: /home/aiguy/emergency-handling-plansys2/install/emergency-handling-plansys2/share/emergency-handling-plansys2/cmake/emergency-handling-plansys2Config.cmake
[2.571s] -- Up-to-date symlink: /home/aiguy/emergency-handling-plansys2/install/emergency-handling-plansys2/share/emergency-handling-plansys2/cmake/emergency-handling-plansys2Config-version.cmake
[2.571s] -- Up-to-date symlink: /home/aiguy/emergency-handling-plansys2/install/emergency-handling-plansys2/share/emergency-handling-plansys2/package.xml
[2.575s] Invoked command in '/home/aiguy/emergency-handling-plansys2/build/emergency-handling-plansys2' returned '0': CMAKE_PREFIX_PATH=${CMAKE_PREFIX_PATH}:/opt/ros/humble /usr/bin/cmake --install /home/aiguy/emergency-handling-plansys2/build/emergency-handling-plansys2
