[0.026s] Invoking command in '/home/aiguy/emergency-handling-plansys2/build/emergency-handling-plansys2': CMAKE_PREFIX_PATH=${CMAKE_PREFIX_PATH}:/opt/ros/humble /usr/bin/cmake --build /home/aiguy/emergency-handling-plansys2/build/emergency-handling-plansys2 -- -j8 -l8
[0.174s] [ 16%] Built target fill_node
[0.176s] [ 33%] Built target empty_box_node
[0.176s] [ 50%] Built target move_node
[0.179s] [ 66%] Built target move_to_need_node
[0.180s] [ 83%] Built target load_box_node
[0.182s] [100%] Built target unload_box_node
[0.198s] Invoked command in '/home/aiguy/emergency-handling-plansys2/build/emergency-handling-plansys2' returned '0': CMAKE_PREFIX_PATH=${CMAKE_PREFIX_PATH}:/opt/ros/humble /usr/bin/cmake --build /home/aiguy/emergency-handling-plansys2/build/emergency-handling-plansys2 -- -j8 -l8
[0.420s] Invoking command in '/home/aiguy/emergency-handling-plansys2/build/emergency-handling-plansys2': CMAKE_PREFIX_PATH=${CMAKE_PREFIX_PATH}:/opt/ros/humble /usr/bin/cmake --install /home/aiguy/emergency-handling-plansys2/build/emergency-handling-plansys2
[0.428s] -- Install configuration: ""
[0.428s] -- Execute custom install script
[0.431s] -- Up-to-date symlink: /home/aiguy/emergency-handling-plansys2/install/emergency-handling-plansys2/share/emergency-handling-plansys2/launch/commands
[0.431s] -- Up-to-date symlink: /home/aiguy/emergency-handling-plansys2/install/emergency-handling-plansys2/share/emergency-handling-plansys2/launch/emergency-handling-plansys2_launch.py
[0.432s] -- Up-to-date symlink: /home/aiguy/emergency-handling-plansys2/install/emergency-handling-plansys2/share/emergency-handling-plansys2/pddl/domain.pddl
[0.432s] -- Up-to-date symlink: /home/aiguy/emergency-handling-plansys2/install/emergency-handling-plansys2/lib/emergency-handling-plansys2/empty_box_node
[0.438s] -- Up-to-date symlink: /home/aiguy/emergency-handling-plansys2/install/emergency-handling-plansys2/lib/emergency-handling-plansys2/fill_node
[0.438s] -- Up-to-date symlink: /home/aiguy/emergency-handling-plansys2/install/emergency-handling-plansys2/lib/emergency-handling-plansys2/load_box_node
[0.438s] -- Up-to-date symlink: /home/aiguy/emergency-handling-plansys2/install/emergency-handling-plansys2/lib/emergency-handling-plansys2/move_node
[0.440s] -- Up-to-date symlink: /home/aiguy/emergency-handling-plansys2/install/emergency-handling-plansys2/lib/emergency-handling-plansys2/move_to_need_node
[0.440s] -- Up-to-date symlink: /home/aiguy/emergency-handling-plansys2/install/emergency-handling-plansys2/lib/emergency-handling-plansys2/unload_box_node
[0.447s] -- Up-to-date symlink: /home/aiguy/emergency-handling-plansys2/install/emergency-handling-plansys2/share/ament_index/resource_index/package_run_dependencies/emergency-handling-plansys2
[0.449s] -- Up-to-date symlink: /home/aiguy/emergency-handling-plansys2/install/emergency-handling-plansys2/share/ament_index/resource_index/parent_prefix_path/emergency-handling-plansys2
[0.449s] -- Up-to-date symlink: /home/aiguy/emergency-handling-plansys2/install/emergency-handling-plansys2/share/emergency-handling-plansys2/environment/ament_prefix_path.sh
[0.449s] -- Up-to-date symlink: /home/aiguy/emergency-handling-plansys2/install/emergency-handling-plansys2/share/emergency-handling-plansys2/environment/ament_prefix_path.dsv
[0.449s] -- Up-to-date symlink: /home/aiguy/emergency-handling-plansys2/install/emergency-handling-plansys2/share/emergency-handling-plansys2/environment/path.sh
[0.449s] -- Up-to-date symlink: /home/aiguy/emergency-handling-plansys2/install/emergency-handling-plansys2/share/emergency-handling-plansys2/environment/path.dsv
[0.449s] -- Up-to-date symlink: /home/aiguy/emergency-handling-plansys2/install/emergency-handling-plansys2/share/emergency-handling-plansys2/local_setup.bash
[0.449s] -- Up-to-date symlink: /home/aiguy/emergency-handling-plansys2/install/emergency-handling-plansys2/share/emergency-handling-plansys2/local_setup.sh
[0.449s] -- Up-to-date symlink: /home/aiguy/emergency-handling-plansys2/install/emergency-handling-plansys2/share/emergency-handling-plansys2/local_setup.zsh
[0.450s] -- Up-to-date symlink: /home/aiguy/emergency-handling-plansys2/install/emergency-handling-plansys2/share/emergency-handling-plansys2/local_setup.dsv
[0.450s] -- Symlinking: /home/aiguy/emergency-handling-plansys2/install/emergency-handling-plansys2/share/emergency-handling-plansys2/package.dsv
[0.462s] -- Up-to-date symlink: /home/aiguy/emergency-handling-plansys2/install/emergency-handling-plansys2/share/ament_index/resource_index/packages/emergency-handling-plansys2
[0.463s] -- Up-to-date symlink: /home/aiguy/emergency-handling-plansys2/install/emergency-handling-plansys2/share/emergency-handling-plansys2/cmake/ament_cmake_export_dependencies-extras.cmake
[0.468s] -- Up-to-date symlink: /home/aiguy/emergency-handling-plansys2/install/emergency-handling-plansys2/share/emergency-handling-plansys2/cmake/emergency-handling-plansys2Config.cmake
[0.468s] -- Up-to-date symlink: /home/aiguy/emergency-handling-plansys2/install/emergency-handling-plansys2/share/emergency-handling-plansys2/cmake/emergency-handling-plansys2Config-version.cmake
[0.468s] -- Up-to-date symlink: /home/aiguy/emergency-handling-plansys2/install/emergency-handling-plansys2/share/emergency-handling-plansys2/package.xml
[0.487s] Invoked command in '/home/aiguy/emergency-handling-plansys2/build/emergency-handling-plansys2' returned '0': CMAKE_PREFIX_PATH=${CMAKE_PREFIX_PATH}:/opt/ros/humble /usr/bin/cmake --install /home/aiguy/emergency-handling-plansys2/build/emergency-handling-plansys2
